Archive member included because of file (symbol)

c:/program files (x86)/atollic/truestudio for arm 5.4.1/armtools/bin/../lib/gcc/arm-atollic-eabi/4.8.3/../../../../arm-atollic-eabi/lib/armv7e-m/fpu\libc.a(lib_a-init.o)
                              src\startup_stm32f40xx.o (__libc_init_array)

Allocating common symbols
Common symbol       size              file

CurrentPos          0x4               Utilities\STM32F4-Discovery\stm32f4_discovery_audio_codec.o
APP_Tx_Buffer       0x80              Libraries\usb_lib\cdc\usbd_cdc_vcp.o
usbd_cdc_OtherCfgDesc
                    0x43              Libraries\usb_lib\cdc\usbd_cdc_core.o
APP_tx_ptr_tail     0x4               Libraries\usb_lib\cdc\usbd_cdc_vcp.o
USB_Rx_Buffer       0x40              Libraries\usb_lib\cdc\usbd_cdc_core.o
AUDIO_MAL_DMA_InitStructure
                    0x3c              Utilities\STM32F4-Discovery\stm32f4_discovery_audio_codec.o
USART_InitStructure
                    0x10              Libraries\usb_lib\cdc\usbd_cdc_vcp.o
CmdBuff             0x8               Libraries\usb_lib\cdc\usbd_cdc_core.o
APP_Rx_Buffer       0x800             Libraries\usb_lib\cdc\usbd_cdc_core.o
NVIC_InitStructure  0x4               Utilities\STM32F4-Discovery\stm32f4_discovery.o
USBD_StrDesc        0x32              Libraries\usb_lib\core\usbd_req.o
DMA_InitStructure   0x3c              Utilities\STM32F4-Discovery\stm32f4_discovery_audio_codec.o
APP_tx_ptr_head     0x4               Libraries\usb_lib\cdc\usbd_cdc_vcp.o

Discarded input sections

 .text          0x00000000        0x0 c:/program files (x86)/atollic/truestudio for arm 5.4.1/armtools/bin/../lib/gcc/arm-atollic-eabi/4.8.3/armv7e-m/fpu/crti.o
 .data          0x00000000        0x0 c:/program files (x86)/atollic/truestudio for arm 5.4.1/armtools/bin/../lib/gcc/arm-atollic-eabi/4.8.3/armv7e-m/fpu/crti.o
 .bss           0x00000000        0x0 c:/program files (x86)/atollic/truestudio for arm 5.4.1/armtools/bin/../lib/gcc/arm-atollic-eabi/4.8.3/armv7e-m/fpu/crti.o
 .data          0x00000000        0x4 c:/program files (x86)/atollic/truestudio for arm 5.4.1/armtools/bin/../lib/gcc/arm-atollic-eabi/4.8.3/armv7e-m/fpu/crtbegin.o
 .text          0x00000000        0x0 src\system_stm32f4xx.o
 .data          0x00000000        0x0 src\system_stm32f4xx.o
 .bss           0x00000000        0x0 src\system_stm32f4xx.o
 .data.AHBPrescTable
                0x00000000       0x10 src\system_stm32f4xx.o
 .text.SystemCoreClockUpdate
                0x00000000       0xf8 src\system_stm32f4xx.o
 .text          0x00000000        0x0 src\stm32f4xx_it.o
 .data          0x00000000        0x0 src\stm32f4xx_it.o
 .bss           0x00000000        0x0 src\stm32f4xx_it.o
 .text          0x00000000       0x14 src\startup_stm32f40xx.o
 .data          0x00000000        0x0 src\startup_stm32f40xx.o
 .bss           0x00000000        0x0 src\startup_stm32f40xx.o
 .text          0x00000000        0x0 src\main.o
 .data          0x00000000        0x0 src\main.o
 .bss           0x00000000        0x0 src\main.o
 .text          0x00000000        0x0 Utilities\STM32F4-Discovery\stm32f4_discovery_lis302dl.o
 .data          0x00000000        0x0 Utilities\STM32F4-Discovery\stm32f4_discovery_lis302dl.o
 .bss           0x00000000        0x0 Utilities\STM32F4-Discovery\stm32f4_discovery_lis302dl.o
 .data.LIS302DLTimeout
                0x00000000        0x4 Utilities\STM32F4-Discovery\stm32f4_discovery_lis302dl.o
 .text.LIS302DL_Init
                0x00000000       0x4c Utilities\STM32F4-Discovery\stm32f4_discovery_lis302dl.o
 .text.LIS302DL_FilterConfig
                0x00000000       0x54 Utilities\STM32F4-Discovery\stm32f4_discovery_lis302dl.o
 .text.LIS302DL_InterruptConfig
                0x00000000       0x44 Utilities\STM32F4-Discovery\stm32f4_discovery_lis302dl.o
 .text.LIS302DL_LowpowerCmd
                0x00000000       0x40 Utilities\STM32F4-Discovery\stm32f4_discovery_lis302dl.o
 .text.LIS302DL_DataRateCmd
                0x00000000       0x40 Utilities\STM32F4-Discovery\stm32f4_discovery_lis302dl.o
 .text.LIS302DL_FullScaleCmd
                0x00000000       0x40 Utilities\STM32F4-Discovery\stm32f4_discovery_lis302dl.o
 .text.LIS302DL_RebootCmd
                0x00000000       0x30 Utilities\STM32F4-Discovery\stm32f4_discovery_lis302dl.o
 .text.LIS302DL_Write
                0x00000000       0x60 Utilities\STM32F4-Discovery\stm32f4_discovery_lis302dl.o
 .text.LIS302DL_Read
                0x00000000       0x6c Utilities\STM32F4-Discovery\stm32f4_discovery_lis302dl.o
 .text.LIS302DL_ReadACC
                0x00000000       0xb4 Utilities\STM32F4-Discovery\stm32f4_discovery_lis302dl.o
 .text.LIS302DL_LowLevel_Init
                0x00000000      0x134 Utilities\STM32F4-Discovery\stm32f4_discovery_lis302dl.o
 .text.LIS302DL_SendByte
                0x00000000       0x90 Utilities\STM32F4-Discovery\stm32f4_discovery_lis302dl.o
 .debug_info    0x00000000      0x7c8 Utilities\STM32F4-Discovery\stm32f4_discovery_lis302dl.o
[...]
Memory Configuration

Name             Origin             Length             Attributes
FLASH            0x08000000         0x00100000         xr
RAM              0x20000000         0x00020000         xrw
MEMORY_B1        0x60000000         0x00000000         xr
CCMRAM           0x10000000         0x00010000         rw
*default*        0x00000000         0xffffffff

Linker script and memory map

LOAD c:/program files (x86)/atollic/truestudio for arm 5.4.1/armtools/bin/../lib/gcc/arm-atollic-eabi/4.8.3/armv7e-m/fpu/crti.o
LOAD c:/program files (x86)/atollic/truestudio for arm 5.4.1/armtools/bin/../lib/gcc/arm-atollic-eabi/4.8.3/armv7e-m/fpu/crtbegin.o
LOAD src\system_stm32f4xx.o
LOAD src\stm32f4xx_it.o
LOAD src\startup_stm32f40xx.o
LOAD src\main.o
LOAD Utilities\STM32F4-Discovery\stm32f4_discovery_lis302dl.o
LOAD Utilities\STM32F4-Discovery\stm32f4_discovery_audio_codec.o
LOAD Utilities\STM32F4-Discovery\stm32f4_discovery.o
LOAD Libraries\usb_lib\otg\usb_dcd_int.o
LOAD Libraries\usb_lib\otg\usb_dcd.o
LOAD Libraries\usb_lib\otg\usb_core.o
LOAD Libraries\usb_lib\core\usbd_req.o
LOAD Libraries\usb_lib\core\usbd_ioreq.o
LOAD Libraries\usb_lib\core\usbd_core.o
LOAD Libraries\usb_lib\cdc\usbd_cdc_vcp.o
LOAD Libraries\usb_lib\cdc\usbd_cdc_core.o
LOAD Libraries\usb_conf\usbd_usr.o
LOAD Libraries\usb_conf\usbd_desc.o
LOAD Libraries\usb_conf\usb_bsp.o
LOAD Libraries\STM32F4xx_StdPeriph_Driver\src\stm32f4xx_wwdg.o
LOAD Libraries\STM32F4xx_StdPeriph_Driver\src\stm32f4xx_usart.o
LOAD Libraries\STM32F4xx_StdPeriph_Driver\src\stm32f4xx_tim.o
LOAD Libraries\STM32F4xx_StdPeriph_Driver\src\stm32f4xx_syscfg.o
LOAD Libraries\STM32F4xx_StdPeriph_Driver\src\stm32f4xx_spi.o
LOAD Libraries\STM32F4xx_StdPeriph_Driver\src\stm32f4xx_sdio.o
LOAD Libraries\STM32F4xx_StdPeriph_Driver\src\stm32f4xx_rtc.o
LOAD Libraries\STM32F4xx_StdPeriph_Driver\src\stm32f4xx_rng.o
LOAD Libraries\STM32F4xx_StdPeriph_Driver\src\stm32f4xx_rcc.o
LOAD Libraries\STM32F4xx_StdPeriph_Driver\src\stm32f4xx_pwr.o
LOAD Libraries\STM32F4xx_StdPeriph_Driver\src\stm32f4xx_iwdg.o
LOAD Libraries\STM32F4xx_StdPeriph_Driver\src\stm32f4xx_i2c.o
LOAD Libraries\STM32F4xx_StdPeriph_Driver\src\stm32f4xx_hash_sha1.o
LOAD Libraries\STM32F4xx_StdPeriph_Driver\src\stm32f4xx_hash_md5.o
LOAD Libraries\STM32F4xx_StdPeriph_Driver\src\stm32f4xx_hash.o
LOAD Libraries\STM32F4xx_StdPeriph_Driver\src\stm32f4xx_gpio.o
LOAD Libraries\STM32F4xx_StdPeriph_Driver\src\stm32f4xx_fsmc.o
LOAD Libraries\STM32F4xx_StdPeriph_Driver\src\stm32f4xx_flash.o
LOAD Libraries\STM32F4xx_StdPeriph_Driver\src\stm32f4xx_exti.o
LOAD Libraries\STM32F4xx_StdPeriph_Driver\src\stm32f4xx_dma.o
LOAD Libraries\STM32F4xx_StdPeriph_Driver\src\stm32f4xx_dcmi.o
LOAD Libraries\STM32F4xx_StdPeriph_Driver\src\stm32f4xx_dbgmcu.o
LOAD Libraries\STM32F4xx_StdPeriph_Driver\src\stm32f4xx_dac.o
LOAD Libraries\STM32F4xx_StdPeriph_Driver\src\stm32f4xx_cryp_tdes.o
LOAD Libraries\STM32F4xx_StdPeriph_Driver\src\stm32f4xx_cryp_des.o
LOAD Libraries\STM32F4xx_StdPeriph_Driver\src\stm32f4xx_cryp_aes.o
LOAD Libraries\STM32F4xx_StdPeriph_Driver\src\stm32f4xx_cryp.o
LOAD Libraries\STM32F4xx_StdPeriph_Driver\src\stm32f4xx_crc.o
LOAD Libraries\STM32F4xx_StdPeriph_Driver\src\stm32f4xx_can.o
LOAD Libraries\STM32F4xx_StdPeriph_Driver\src\stm32f4xx_adc.o
LOAD Libraries\STM32F4xx_StdPeriph_Driver\src\misc.o
START GROUP
LOAD c:/program files (x86)/atollic/truestudio for arm 5.4.1/armtools/bin/../lib/gcc/arm-atollic-eabi/4.8.3/../../../../arm-atollic-eabi/lib/armv7e-m/fpu\libstdc++.a
LOAD c:/program files (x86)/atollic/truestudio for arm 5.4.1/armtools/bin/../lib/gcc/arm-atollic-eabi/4.8.3/../../../../arm-atollic-eabi/lib/armv7e-m/fpu\libsupc++.a
END GROUP
                0x00001000                malloc_getpagesize_P = 0x1000
LOAD c:/program files (x86)/atollic/truestudio for arm 5.4.1/armtools/bin/../lib/gcc/arm-atollic-eabi/4.8.3/../../../../arm-atollic-eabi/lib/armv7e-m/fpu\libstdc++.a
LOAD c:/program files (x86)/atollic/truestudio for arm 5.4.1/armtools/bin/../lib/gcc/arm-atollic-eabi/4.8.3/../../../../arm-atollic-eabi/lib/armv7e-m/fpu\libm.a
LOAD c:/program files (x86)/atollic/truestudio for arm 5.4.1/armtools/bin/../lib/gcc/arm-atollic-eabi/4.8.3/../../../../arm-atollic-eabi/lib/armv7e-m/fpu\libc.a
START GROUP
LOAD c:/program files (x86)/atollic/truestudio for arm 5.4.1/armtools/bin/../lib/gcc/arm-atollic-eabi/4.8.3/armv7e-m/fpu\libgcc.a
LOAD c:/program files (x86)/atollic/truestudio for arm 5.4.1/armtools/bin/../lib/gcc/arm-atollic-eabi/4.8.3/../../../../arm-atollic-eabi/lib/armv7e-m/fpu\libc.a
END GROUP
LOAD c:/program files (x86)/atollic/truestudio for arm 5.4.1/armtools/bin/../lib/gcc/arm-atollic-eabi/4.8.3/armv7e-m/fpu/crtend.o
LOAD c:/program files (x86)/atollic/truestudio for arm 5.4.1/armtools/bin/../lib/gcc/arm-atollic-eabi/4.8.3/armv7e-m/fpu/crtn.o
                0x20020000                _estack = 0x20020000
                0x00000000                _Min_Heap_Size = 0x0
                0x00000400                _Min_Stack_Size = 0x400

.isr_vector     0x08000000      0x188
                0x08000000                . = ALIGN (0x4)
 *(.isr_vector)
 .isr_vector    0x08000000      0x188 src\startup_stm32f40xx.o
                0x08000000                g_pfnVectors
                0x08000188                . = ALIGN (0x4)

.text           0x08000188     0x45f8
                0x08000188                . = ALIGN (0x4)
 *(.text)
 .text          0x08000188       0x40 c:/program files (x86)/atollic/truestudio for arm 5.4.1/armtools/bin/../lib/gcc/arm-atollic-eabi/4.8.3/armv7e-m/fpu/crtbegin.o
 *(.text*)
 .text.SystemInit
                0x080001c8       0x68 src\system_stm32f4xx.o
                0x080001c8                SystemInit
 .text.SetSysClock
                0x08000230       0xf4 src\system_stm32f4xx.o
 .text.NMI_Handler
                0x08000324        0xc src\stm32f4xx_it.o
                0x08000324                NMI_Handler
 .text.HardFault_Handler
                0x08000330        0x8 src\stm32f4xx_it.o
                0x08000330                HardFault_Handler
 .text.MemManage_Handler
                0x08000338        0x8 src\stm32f4xx_it.o
                0x08000338                MemManage_Handler
 .text.BusFault_Handler
                0x08000340        0x8 src\stm32f4xx_it.o
                0x08000340                BusFault_Handler
 .text.UsageFault_Handler
                0x08000348        0x8 src\stm32f4xx_it.o
                0x08000348                UsageFault_Handler
 .text.SVC_Handler
                0x08000350        0xc src\stm32f4xx_it.o
                0x08000350                SVC_Handler
 .text.DebugMon_Handler
                0x0800035c        0xc src\stm32f4xx_it.o
                0x0800035c                DebugMon_Handler
 .text.PendSV_Handler
                0x08000368        0xc src\stm32f4xx_it.o
                0x08000368                PendSV_Handler
 .text.Reset_Handler
                0x08000374       0x58 src\startup_stm32f40xx.o
                0x08000374                Reset_Handler
 .text.Default_Handler
                0x080003cc        0x4 src\startup_stm32f40xx.o
                0x080003cc                RTC_Alarm_IRQHandler
                0x080003cc                HASH_RNG_IRQHandler
                0x080003cc                EXTI2_IRQHandler
                0x080003cc                TIM8_CC_IRQHandler
                0x080003cc                TIM1_CC_IRQHandler
                0x080003cc                DMA2_Stream5_IRQHandler
                0x080003cc                DMA1_Stream5_IRQHandler
                0x080003cc                PVD_IRQHandler
                0x080003cc                SDIO_IRQHandler
                0x080003cc                TAMP_STAMP_IRQHandler
                0x080003cc                CAN2_RX1_IRQHandler
                0x080003cc                EXTI3_IRQHandler
                0x080003cc                TIM8_TRG_COM_TIM14_IRQHandler
                0x080003cc                TIM1_UP_TIM10_IRQHandler
                0x080003cc                TIM8_UP_TIM13_IRQHandler
                0x080003cc                I2C3_ER_IRQHandler
                0x080003cc                EXTI0_IRQHandler
                0x080003cc                I2C2_EV_IRQHandler
                0x080003cc                DMA1_Stream2_IRQHandler
                0x080003cc                CAN1_RX0_IRQHandler
                0x080003cc                FPU_IRQHandler
                0x080003cc                OTG_HS_WKUP_IRQHandler
                0x080003cc                CAN2_SCE_IRQHandler
                0x080003cc                DMA2_Stream2_IRQHandler
                0x080003cc                SPI1_IRQHandler
                0x080003cc                TIM6_DAC_IRQHandler
                0x080003cc                TIM1_BRK_TIM9_IRQHandler
                0x080003cc                DCMI_IRQHandler
                0x080003cc                CAN2_RX0_IRQHandler
                0x080003cc                DMA2_Stream3_IRQHandler
                0x080003cc                USART6_IRQHandler
                0x080003cc                USART3_IRQHandler
                0x080003cc                CRYP_IRQHandler
                0x080003cc                CAN1_RX1_IRQHandler
                0x080003cc                UART5_IRQHandler
                0x080003cc                DMA2_Stream0_IRQHandler
                0x080003cc                TIM4_IRQHandler
                0x080003cc                I2C1_EV_IRQHandler
                0x080003cc                DMA1_Stream6_IRQHandler
                0x080003cc                DMA1_Stream1_IRQHandler
                0x080003cc                UART4_IRQHandler
                0x080003cc                TIM3_IRQHandler
                0x080003cc                RCC_IRQHandler
                0x080003cc                TIM8_BRK_TIM12_IRQHandler
                0x080003cc                Default_Handler
                0x080003cc                EXTI15_10_IRQHandler
                0x080003cc                ADC_IRQHandler
                0x080003cc                TIM7_IRQHandler
                0x080003cc                CAN2_TX_IRQHandler
                0x080003cc                TIM5_IRQHandler
                0x080003cc                DMA2_Stream7_IRQHandler
                0x080003cc                I2C3_EV_IRQHandler
                0x080003cc                EXTI9_5_IRQHandler
                0x080003cc                RTC_WKUP_IRQHandler
                0x080003cc                ETH_WKUP_IRQHandler
                0x080003cc                SPI2_IRQHandler
                0x080003cc                OTG_HS_EP1_IN_IRQHandler
                0x080003cc                CAN1_TX_IRQHandler
                0x080003cc                EXTI4_IRQHandler
                0x080003cc                FSMC_IRQHandler
                0x080003cc                ETH_IRQHandler
                0x080003cc                OTG_HS_EP1_OUT_IRQHandler
                0x080003cc                WWDG_IRQHandler
                0x080003cc                TIM2_IRQHandler
                0x080003cc                TIM1_TRG_COM_TIM11_IRQHandler
                0x080003cc                OTG_HS_IRQHandler
                0x080003cc                EXTI1_IRQHandler
                0x080003cc                USART2_IRQHandler
                0x080003cc                I2C2_ER_IRQHandler
                0x080003cc                DMA2_Stream1_IRQHandler
                0x080003cc                CAN1_SCE_IRQHandler
                0x080003cc                FLASH_IRQHandler
                0x080003cc                DMA2_Stream4_IRQHandler
                0x080003cc                USART1_IRQHandler
                0x080003cc                DMA1_Stream4_IRQHandler
                0x080003cc                I2C1_ER_IRQHandler
                0x080003cc                DMA2_Stream6_IRQHandler
                0x080003cc                DMA1_Stream3_IRQHandler
 .text.NVIC_SetPriority
                0x080003d0       0x54 src\main.o
 .text.SysTick_Config
                0x08000424       0x44 src\main.o
 .text.main     0x08000468       0x70 src\main.o
                0x08000468                main
 .text._Z5Delaym
                0x080004d8       0x28 src\main.o
                0x080004d8                Delay(unsigned long)
 .text._Z21TimingDelay_Decrementv
                0x08000500       0x24 src\main.o
                0x08000500                TimingDelay_Decrement()
 .text.SysTick_Handler
                0x08000524        0xc src\main.o
                0x08000524                SysTick_Handler
 .text.OTG_FS_IRQHandler
                0x08000530       0x10 src\main.o
                0x08000530                OTG_FS_IRQHandler
 .text.OTG_FS_WKUP_IRQHandler
                0x08000540       0x34 src\main.o
                0x08000540                OTG_FS_WKUP_IRQHandler
 .text.EVAL_AUDIO_TransferComplete_CallBack
                0x08000574       0x18 src\main.o
                0x08000574                EVAL_AUDIO_TransferComplete_CallBack
 .text.EVAL_AUDIO_GetSampleCallBack
                0x0800058c       0x14 src\main.o
                0x0800058c                EVAL_AUDIO_GetSampleCallBack
 .text.Audio_MAL_IRQHandler
                0x080005a0       0xf8 Utilities\STM32F4-Discovery\stm32f4_discovery_audio_codec.o
 .text.DMA1_Stream7_IRQHandler
                0x08000698        0xc Utilities\STM32F4-Discovery\stm32f4_discovery_audio_codec.o
                0x08000698                DMA1_Stream7_IRQHandler
 .text.DMA1_Stream0_IRQHandler
                0x080006a4        0xc Utilities\STM32F4-Discovery\stm32f4_discovery_audio_codec.o
                0x080006a4                DMA1_Stream0_IRQHandler
 .text.SPI3_IRQHandler
                0x080006b0       0x40 Utilities\STM32F4-Discovery\stm32f4_discovery_audio_codec.o
                0x080006b0                SPI3_IRQHandler
 .text.USBD_OTG_ISR_Handler
                0x080006f0      0x15c Libraries\usb_lib\otg\usb_dcd_int.o
                0x080006f0                USBD_OTG_ISR_Handler
 .text.DCD_HandleResume_ISR
                0x0800084c       0x80 Libraries\usb_lib\otg\usb_dcd_int.o
 .text.DCD_HandleUSBSuspend_ISR
                0x080008cc       0x9c Libraries\usb_lib\otg\usb_dcd_int.o
 .text.DCD_HandleInEP_ISR
                0x08000968      0x1ec Libraries\usb_lib\otg\usb_dcd_int.o
 .text.DCD_HandleOutEP_ISR
                0x08000b54      0x178 Libraries\usb_lib\otg\usb_dcd_int.o
 .text.DCD_HandleSof_ISR
                0x08000ccc       0x34 Libraries\usb_lib\otg\usb_dcd_int.o
 .text.DCD_HandleRxStatusQueueLevel_ISR
                0x08000d00      0x104 Libraries\usb_lib\otg\usb_dcd_int.o
 .text.DCD_WriteEmptyTxFifo
                0x08000e04       0xe4 Libraries\usb_lib\otg\usb_dcd_int.o
 .text.DCD_HandleUsbReset_ISR
                0x08000ee8      0x144 Libraries\usb_lib\otg\usb_dcd_int.o
 .text.DCD_HandleEnumDone_ISR
                0x0800102c       0x78 Libraries\usb_lib\otg\usb_dcd_int.o
 .text.DCD_IsoINIncomplete_ISR
                0x080010a4       0x34 Libraries\usb_lib\otg\usb_dcd_int.o
 .text.DCD_IsoOUTIncomplete_ISR
                0x080010d8       0x34 Libraries\usb_lib\otg\usb_dcd_int.o
 .text.DCD_ReadDevInEP
                0x0800110c       0x50 Libraries\usb_lib\otg\usb_dcd_int.o
 .text.DCD_Init
                0x0800115c      0x100 Libraries\usb_lib\otg\usb_dcd.o
                0x0800115c                DCD_Init
 .text.DCD_EP_Open
                0x0800125c       0x9c Libraries\usb_lib\otg\usb_dcd.o
                0x0800125c                DCD_EP_Open
 .text.DCD_EP_Close
                0x080012f8       0x70 Libraries\usb_lib\otg\usb_dcd.o
                0x080012f8                DCD_EP_Close
 .text.DCD_EP_PrepareRx
                0x08001368       0x80 Libraries\usb_lib\otg\usb_dcd.o
                0x08001368                DCD_EP_PrepareRx
 .text.DCD_EP_Tx
                0x080013e8       0x78 Libraries\usb_lib\otg\usb_dcd.o
                0x080013e8                DCD_EP_Tx
 .text.DCD_EP_Stall
                0x08001460       0x74 Libraries\usb_lib\otg\usb_dcd.o
                0x08001460                DCD_EP_Stall
 .text.DCD_EP_ClrStall
                0x080014d4       0x74 Libraries\usb_lib\otg\usb_dcd.o
                0x080014d4                DCD_EP_ClrStall
 .text.DCD_EP_SetAddress
                0x08001548       0x3c Libraries\usb_lib\otg\usb_dcd.o
                0x08001548                DCD_EP_SetAddress
 .text.USB_OTG_EnableCommonInt
                0x08001584       0x44 Libraries\usb_lib\otg\usb_core.o
 .text.USB_OTG_CoreReset
                0x080015c8       0x8c Libraries\usb_lib\otg\usb_core.o
 .text.USB_OTG_WritePacket
                0x08001654       0x70 Libraries\usb_lib\otg\usb_core.o
                0x08001654                USB_OTG_WritePacket
 .text.USB_OTG_ReadPacket
                0x080016c4       0x58 Libraries\usb_lib\otg\usb_core.o
                0x080016c4                USB_OTG_ReadPacket
 .text.USB_OTG_SelectCore
                0x0800171c      0x174 Libraries\usb_lib\otg\usb_core.o
                0x0800171c                USB_OTG_SelectCore
 .text.USB_OTG_CoreInit
                0x08001890      0x1dc Libraries\usb_lib\otg\usb_core.o
                0x08001890                USB_OTG_CoreInit
 .text.USB_OTG_EnableGlobalInt
                0x08001a6c       0x38 Libraries\usb_lib\otg\usb_core.o
                0x08001a6c                USB_OTG_EnableGlobalInt
 .text.USB_OTG_DisableGlobalInt
                0x08001aa4       0x38 Libraries\usb_lib\otg\usb_core.o
                0x08001aa4                USB_OTG_DisableGlobalInt
 .text.USB_OTG_FlushTxFifo
                0x08001adc       0x74 Libraries\usb_lib\otg\usb_core.o
                0x08001adc                USB_OTG_FlushTxFifo
 .text.USB_OTG_FlushRxFifo
                0x08001b50       0x60 Libraries\usb_lib\otg\usb_core.o
                0x08001b50                USB_OTG_FlushRxFifo
 .text.USB_OTG_SetCurrentMode
                0x08001bb0       0x60 Libraries\usb_lib\otg\usb_core.o
                0x08001bb0                USB_OTG_SetCurrentMode
 .text.USB_OTG_GetMode
                0x08001c10       0x20 Libraries\usb_lib\otg\usb_core.o
                0x08001c10                USB_OTG_GetMode
 .text.USB_OTG_IsDeviceMode
                0x08001c30       0x24 Libraries\usb_lib\otg\usb_core.o
                0x08001c30                USB_OTG_IsDeviceMode
 .text.USB_OTG_ReadCoreItr
                0x08001c54       0x30 Libraries\usb_lib\otg\usb_core.o
                0x08001c54                USB_OTG_ReadCoreItr
 .text.USB_OTG_InitDevSpeed
                0x08001c84       0x38 Libraries\usb_lib\otg\usb_core.o
                0x08001c84                USB_OTG_InitDevSpeed
 .text.USB_OTG_CoreInitDev
                0x08001cbc      0x27c Libraries\usb_lib\otg\usb_core.o
                0x08001cbc                USB_OTG_CoreInitDev
 .text.USB_OTG_EnableDevInt
                0x08001f38       0x98 Libraries\usb_lib\otg\usb_core.o
                0x08001f38                USB_OTG_EnableDevInt
 .text.USB_OTG_GetDeviceSpeed
                0x08001fd0       0x48 Libraries\usb_lib\otg\usb_core.o
                0x08001fd0                USB_OTG_GetDeviceSpeed
 .text.USB_OTG_EP0Activate
                0x08002018       0x78 Libraries\usb_lib\otg\usb_core.o
                0x08002018                USB_OTG_EP0Activate
 .text.USB_OTG_EPActivate
                0x08002090       0xdc Libraries\usb_lib\otg\usb_core.o
                0x08002090                USB_OTG_EPActivate
 .text.USB_OTG_EPDeactivate
                0x0800216c       0x8c Libraries\usb_lib\otg\usb_core.o
                0x0800216c                USB_OTG_EPDeactivate
 .text.USB_OTG_EPStartXfer
                0x080021f8      0x280 Libraries\usb_lib\otg\usb_core.o
                0x080021f8                USB_OTG_EPStartXfer
 .text.USB_OTG_EP0StartXfer
                0x08002478      0x1d4 Libraries\usb_lib\otg\usb_core.o
                0x08002478                USB_OTG_EP0StartXfer
 .text.USB_OTG_EPSetStall
                0x0800264c       0x88 Libraries\usb_lib\otg\usb_core.o
                0x0800264c                USB_OTG_EPSetStall
 .text.USB_OTG_EPClearStall
                0x080026d4       0x78 Libraries\usb_lib\otg\usb_core.o
                0x080026d4                USB_OTG_EPClearStall
 .text.USB_OTG_ReadDevAllOutEp_itr
                0x0800274c       0x2c Libraries\usb_lib\otg\usb_core.o
                0x0800274c                USB_OTG_ReadDevAllOutEp_itr
 .text.USB_OTG_ReadDevOutEP_itr
                0x08002778       0x38 Libraries\usb_lib\otg\usb_core.o
                0x08002778                USB_OTG_ReadDevOutEP_itr
 .text.USB_OTG_ReadDevAllInEPItr
                0x080027b0       0x2c Libraries\usb_lib\otg\usb_core.o
                0x080027b0                USB_OTG_ReadDevAllInEPItr
 .text.USB_OTG_EP0_OutStart
                0x080027dc       0x70 Libraries\usb_lib\otg\usb_core.o
                0x080027dc                USB_OTG_EP0_OutStart
 .text.USB_OTG_UngateClock
                0x0800284c       0x54 Libraries\usb_lib\otg\usb_core.o
                0x0800284c                USB_OTG_UngateClock
 .text.USBD_StdDevReq
                0x080028a0       0xa0 Libraries\usb_lib\core\usbd_req.o
                0x080028a0                USBD_StdDevReq
 .text.USBD_StdItfReq
                0x08002940       0x68 Libraries\usb_lib\core\usbd_req.o
                0x08002940                USBD_StdItfReq
 .text.USBD_StdEPReq
                0x080029a8      0x1b0 Libraries\usb_lib\core\usbd_req.o
                0x080029a8                USBD_StdEPReq
 .text.USBD_GetDescriptor
                0x08002b58      0x1b8 Libraries\usb_lib\core\usbd_req.o
 .text.USBD_SetAddress
                0x08002d10       0x7c Libraries\usb_lib\core\usbd_req.o
 .text.USBD_SetConfig
                0x08002d8c       0xf4 Libraries\usb_lib\core\usbd_req.o
 .text.USBD_GetConfig
                0x08002e80       0x60 Libraries\usb_lib\core\usbd_req.o
 .text.USBD_GetStatus
                0x08002ee0       0x50 Libraries\usb_lib\core\usbd_req.o
 .text.USBD_SetFeature
                0x08002f30       0xcc Libraries\usb_lib\core\usbd_req.o
 .text.USBD_ClrFeature
                0x08002ffc       0x50 Libraries\usb_lib\core\usbd_req.o
 .text.USBD_ParseSetupRequest
                0x0800304c       0x8c Libraries\usb_lib\core\usbd_req.o
                0x0800304c                USBD_ParseSetupRequest
 .text.USBD_CtlError
                0x080030d8       0x48 Libraries\usb_lib\core\usbd_req.o
                0x080030d8                USBD_CtlError
 .text.USBD_GetString
                0x08003120       0x7c Libraries\usb_lib\core\usbd_req.o
                0x08003120                USBD_GetString
 .text.USBD_GetLen
                0x0800319c       0x30 Libraries\usb_lib\core\usbd_req.o
 .text.USBD_CtlSendData
                0x080031cc       0x40 Libraries\usb_lib\core\usbd_ioreq.o
                0x080031cc                USBD_CtlSendData
 .text.USBD_CtlContinueSendData
                0x0800320c       0x28 Libraries\usb_lib\core\usbd_ioreq.o
                0x0800320c                USBD_CtlContinueSendData
 .text.USBD_CtlPrepareRx
                0x08003234       0x40 Libraries\usb_lib\core\usbd_ioreq.o
                0x08003234                USBD_CtlPrepareRx
 .text.USBD_CtlContinueRx
                0x08003274       0x28 Libraries\usb_lib\core\usbd_ioreq.o
                0x08003274                USBD_CtlContinueRx
 .text.USBD_CtlSendStatus
                0x0800329c       0x30 Libraries\usb_lib\core\usbd_ioreq.o
                0x0800329c                USBD_CtlSendStatus
 .text.USBD_CtlReceiveStatus
                0x080032cc       0x30 Libraries\usb_lib\core\usbd_ioreq.o
                0x080032cc                USBD_CtlReceiveStatus
 .text.USBD_Init
                0x080032fc       0x54 Libraries\usb_lib\core\usbd_core.o
                0x080032fc                USBD_Init
 .text.USBD_DeInit
                0x08003350       0x18 Libraries\usb_lib\core\usbd_core.o
                0x08003350                USBD_DeInit
 .text.USBD_SetupStage
                0x08003368       0x6c Libraries\usb_lib\core\usbd_core.o
 .text.USBD_DataOutStage
                0x080033d4       0xd0 Libraries\usb_lib\core\usbd_core.o
 .text.USBD_DataInStage
                0x080034a4      0x104 Libraries\usb_lib\core\usbd_core.o
 .text.USBD_Reset
                0x080035a8       0x44 Libraries\usb_lib\core\usbd_core.o
 .text.USBD_Resume
                0x080035ec       0x24 Libraries\usb_lib\core\usbd_core.o
 .text.USBD_Suspend
                0x08003610       0x24 Libraries\usb_lib\core\usbd_core.o
 .text.USBD_SOF
                0x08003634       0x2c Libraries\usb_lib\core\usbd_core.o
 .text.USBD_SetCfg
                0x08003660       0x30 Libraries\usb_lib\core\usbd_core.o
                0x08003660                USBD_SetCfg
 .text.USBD_ClrCfg
                0x08003690       0x28 Libraries\usb_lib\core\usbd_core.o
                0x08003690                USBD_ClrCfg
 .text.USBD_IsoINIncomplete
                0x080036b8       0x20 Libraries\usb_lib\core\usbd_core.o
 .text.USBD_IsoOUTIncomplete
                0x080036d8       0x20 Libraries\usb_lib\core\usbd_core.o
 .text.VCP_Init
                0x080036f8       0x10 Libraries\usb_lib\cdc\usbd_cdc_vcp.o
 .text.VCP_DeInit
                0x08003708       0x10 Libraries\usb_lib\cdc\usbd_cdc_vcp.o
 .text.VCP_Ctrl
                0x08003718      0x110 Libraries\usb_lib\cdc\usbd_cdc_vcp.o
 .text.VCP_put_char
                0x08003828       0x1c Libraries\usb_lib\cdc\usbd_cdc_vcp.o
                0x08003828                VCP_put_char
 .text.VCP_DataTx
                0x08003844       0x60 Libraries\usb_lib\cdc\usbd_cdc_vcp.o
 .text.VCP_DataRx
                0x080038a4       0x70 Libraries\usb_lib\cdc\usbd_cdc_vcp.o
 .text.VCP_get_char
                0x08003914       0x58 Libraries\usb_lib\cdc\usbd_cdc_vcp.o
                0x08003914                VCP_get_char
 .text.usbd_cdc_Init
                0x0800396c       0x88 Libraries\usb_lib\cdc\usbd_cdc_core.o
 .text.usbd_cdc_DeInit
                0x080039f4       0x38 Libraries\usb_lib\cdc\usbd_cdc_core.o
 .text.usbd_cdc_Setup
                0x08003a2c      0x120 Libraries\usb_lib\cdc\usbd_cdc_core.o
 .text.usbd_cdc_EP0_RxReady
                0x08003b4c       0x44 Libraries\usb_lib\cdc\usbd_cdc_core.o
 .text.usbd_cdc_DataIn
                0x08003b90       0xc0 Libraries\usb_lib\cdc\usbd_cdc_core.o
 .text.usbd_cdc_DataOut
                0x08003c50       0x54 Libraries\usb_lib\cdc\usbd_cdc_core.o
 .text.usbd_cdc_SOF
                0x08003ca4       0x30 Libraries\usb_lib\cdc\usbd_cdc_core.o
 .text.Handle_USBAsynchXfer
                0x08003cd4      0x100 Libraries\usb_lib\cdc\usbd_cdc_core.o
 .text.USBD_cdc_GetCfgDesc
                0x08003dd4       0x24 Libraries\usb_lib\cdc\usbd_cdc_core.o
 .text.USBD_USR_Init
                0x08003df8        0xc Libraries\usb_conf\usbd_usr.o
                0x08003df8                USBD_USR_Init
 .text.USBD_USR_DeviceReset
                0x08003e04       0x28 Libraries\usb_conf\usbd_usr.o
                0x08003e04                USBD_USR_DeviceReset
 .text.USBD_USR_DeviceConfigured
                0x08003e2c        0xc Libraries\usb_conf\usbd_usr.o
                0x08003e2c                USBD_USR_DeviceConfigured
 .text.USBD_USR_DeviceConnected
                0x08003e38        0xc Libraries\usb_conf\usbd_usr.o
                0x08003e38                USBD_USR_DeviceConnected
 .text.USBD_USR_DeviceDisconnected
                0x08003e44        0xc Libraries\usb_conf\usbd_usr.o
                0x08003e44                USBD_USR_DeviceDisconnected
 .text.USBD_USR_DeviceSuspended
                0x08003e50        0xc Libraries\usb_conf\usbd_usr.o
                0x08003e50                USBD_USR_DeviceSuspended
 .text.USBD_USR_DeviceResumed
                0x08003e5c        0xc Libraries\usb_conf\usbd_usr.o
                0x08003e5c                USBD_USR_DeviceResumed
 .text.USBD_USR_DeviceDescriptor
                0x08003e68       0x24 Libraries\usb_conf\usbd_desc.o
                0x08003e68                USBD_USR_DeviceDescriptor
 .text.USBD_USR_LangIDStrDescriptor
                0x08003e8c       0x24 Libraries\usb_conf\usbd_desc.o
                0x08003e8c                USBD_USR_LangIDStrDescriptor
 .text.USBD_USR_ProductStrDescriptor
                0x08003eb0       0x40 Libraries\usb_conf\usbd_desc.o
                0x08003eb0                USBD_USR_ProductStrDescriptor
 .text.USBD_USR_ManufacturerStrDescriptor
                0x08003ef0       0x28 Libraries\usb_conf\usbd_desc.o
                0x08003ef0                USBD_USR_ManufacturerStrDescriptor
 .text.USBD_USR_SerialStrDescriptor
                0x08003f18       0x40 Libraries\usb_conf\usbd_desc.o
                0x08003f18                USBD_USR_SerialStrDescriptor
 .text.USBD_USR_ConfigStrDescriptor
                0x08003f58       0x3c Libraries\usb_conf\usbd_desc.o
                0x08003f58                USBD_USR_ConfigStrDescriptor
 .text.USBD_USR_InterfaceStrDescriptor
                0x08003f94       0x3c Libraries\usb_conf\usbd_desc.o
                0x08003f94                USBD_USR_InterfaceStrDescriptor
 .text.USB_OTG_BSP_Init
                0x08003fd0       0xb0 Libraries\usb_conf\usb_bsp.o
                0x08003fd0                USB_OTG_BSP_Init
 .text.USB_OTG_BSP_EnableInterrupt
                0x08004080       0x30 Libraries\usb_conf\usb_bsp.o
                0x08004080                USB_OTG_BSP_EnableInterrupt
 .text.USB_OTG_BSP_uDelay
                0x080040b0       0x48 Libraries\usb_conf\usb_bsp.o
                0x080040b0                USB_OTG_BSP_uDelay
 .text.USB_OTG_BSP_mDelay
                0x080040f8       0x20 Libraries\usb_conf\usb_bsp.o
                0x080040f8                USB_OTG_BSP_mDelay
 .text.SPI_I2S_SendData
                0x08004118       0x1c Libraries\STM32F4xx_StdPeriph_Driver\src\stm32f4xx_spi.o
                0x08004118                SPI_I2S_SendData
 .text.SPI_I2S_GetFlagStatus
                0x08004134       0x38 Libraries\STM32F4xx_StdPeriph_Driver\src\stm32f4xx_spi.o
                0x08004134                SPI_I2S_GetFlagStatus
 .text.RCC_AHB1PeriphClockCmd
                0x0800416c       0x3c Libraries\STM32F4xx_StdPeriph_Driver\src\stm32f4xx_rcc.o
                0x0800416c                RCC_AHB1PeriphClockCmd
 .text.RCC_AHB2PeriphClockCmd
                0x080041a8       0x3c Libraries\STM32F4xx_StdPeriph_Driver\src\stm32f4xx_rcc.o
                0x080041a8                RCC_AHB2PeriphClockCmd
 .text.RCC_APB2PeriphClockCmd
                0x080041e4       0x3c Libraries\STM32F4xx_StdPeriph_Driver\src\stm32f4xx_rcc.o
                0x080041e4                RCC_APB2PeriphClockCmd
 .text.RCC_APB1PeriphResetCmd
                0x08004220       0x3c Libraries\STM32F4xx_StdPeriph_Driver\src\stm32f4xx_rcc.o
                0x08004220                RCC_APB1PeriphResetCmd
 .text.GPIO_Init
                0x0800425c      0x11c Libraries\STM32F4xx_StdPeriph_Driver\src\stm32f4xx_gpio.o
                0x0800425c                GPIO_Init
 .text.GPIO_PinAFConfig
                0x08004378       0x8c Libraries\STM32F4xx_StdPeriph_Driver\src\stm32f4xx_gpio.o
                0x08004378                GPIO_PinAFConfig
 .text.EXTI_ClearITPendingBit
                0x08004404       0x1c Libraries\STM32F4xx_StdPeriph_Driver\src\stm32f4xx_exti.o
                0x08004404                EXTI_ClearITPendingBit
 .text.DMA_Init
                0x08004420       0xac Libraries\STM32F4xx_StdPeriph_Driver\src\stm32f4xx_dma.o
                0x08004420                DMA_Init
 .text.DMA_Cmd  0x080044cc       0x38 Libraries\STM32F4xx_StdPeriph_Driver\src\stm32f4xx_dma.o
                0x080044cc                DMA_Cmd
 .text.DMA_GetCmdStatus
                0x08004504       0x30 Libraries\STM32F4xx_StdPeriph_Driver\src\stm32f4xx_dma.o
                0x08004504                DMA_GetCmdStatus
 .text.DMA_GetFlagStatus
                0x08004534       0x78 Libraries\STM32F4xx_StdPeriph_Driver\src\stm32f4xx_dma.o
                0x08004534                DMA_GetFlagStatus
 .text.DMA_ClearFlag
                0x080045ac       0x5c Libraries\STM32F4xx_StdPeriph_Driver\src\stm32f4xx_dma.o
                0x080045ac                DMA_ClearFlag
 .text.DAC_SetChannel1Data
                0x08004608       0x34 Libraries\STM32F4xx_StdPeriph_Driver\src\stm32f4xx_dac.o
                0x08004608                DAC_SetChannel1Data
 .text.NVIC_PriorityGroupConfig
                0x0800463c       0x24 Libraries\STM32F4xx_StdPeriph_Driver\src\misc.o
                0x0800463c                NVIC_PriorityGroupConfig
 .text.NVIC_Init
                0x08004660       0xbc Libraries\STM32F4xx_StdPeriph_Driver\src\misc.o
                0x08004660                NVIC_Init
 .text.__libc_init_array
                0x0800471c       0x4c c:/program files (x86)/atollic/truestudio for arm 5.4.1/armtools/bin/../lib/gcc/arm-atollic-eabi/4.8.3/../../../../arm-atollic-eabi/lib/armv7e-m/fpu\libc.a(lib_a-init.o)
                0x0800471c                __libc_init_array
 *(.glue_7)
 .glue_7        0x00000000        0x0 linker stubs
 *(.glue_7t)
 .glue_7t       0x00000000        0x0 linker stubs
 *(.eh_frame)
 .eh_frame      0x08004768        0x0 c:/program files (x86)/atollic/truestudio for arm 5.4.1/armtools/bin/../lib/gcc/arm-atollic-eabi/4.8.3/armv7e-m/fpu/crtbegin.o
 *(.init)
 .init          0x08004768        0x4 c:/program files (x86)/atollic/truestudio for arm 5.4.1/armtools/bin/../lib/gcc/arm-atollic-eabi/4.8.3/armv7e-m/fpu/crti.o
                0x08004768                _init
 .init          0x0800476c        0x8 c:/program files (x86)/atollic/truestudio for arm 5.4.1/armtools/bin/../lib/gcc/arm-atollic-eabi/4.8.3/armv7e-m/fpu/crtn.o
 *(.fini)
 .fini          0x08004774        0x4 c:/program files (x86)/atollic/truestudio for arm 5.4.1/armtools/bin/../lib/gcc/arm-atollic-eabi/4.8.3/armv7e-m/fpu/crti.o
                0x08004774                _fini
 .fini          0x08004778        0x8 c:/program files (x86)/atollic/truestudio for arm 5.4.1/armtools/bin/../lib/gcc/arm-atollic-eabi/4.8.3/armv7e-m/fpu/crtn.o
                0x08004780                . = ALIGN (0x4)
                0x08004780                _etext = .

.vfp11_veneer   0x08004780        0x0
 .vfp11_veneer  0x00000000        0x0 linker stubs

.v4_bx          0x08004780        0x0
 .v4_bx         0x00000000        0x0 linker stubs

.iplt           0x08004780        0x0
 .iplt          0x00000000        0x0 c:/program files (x86)/atollic/truestudio for arm 5.4.1/armtools/bin/../lib/gcc/arm-atollic-eabi/4.8.3/armv7e-m/fpu/crtbegin.o

.rodata         0x08004780       0x98
                0x08004780                . = ALIGN (0x4)
 *(.rodata)
 .rodata        0x08004780       0x98 Libraries\usb_conf\usbd_desc.o
 *(.rodata*)
                0x08004818                . = ALIGN (0x4)

.rel.dyn        0x08004818        0x0
 .rel.iplt      0x00000000        0x0 c:/program files (x86)/atollic/truestudio for arm 5.4.1/armtools/bin/../lib/gcc/arm-atollic-eabi/4.8.3/armv7e-m/fpu/crtbegin.o

.ARM.extab
 *(.ARM.extab* .gnu.linkonce.armextab.*)

.ARM            0x08004818        0x0
                0x08004818                __exidx_start = .
 *(.ARM.exidx*)
                0x08004818                __exidx_end = .

.preinit_array  0x08004818        0x0
                0x08004818                PROVIDE (__preinit_array_start, .)
 *(.preinit_array*)
                0x08004818                PROVIDE (__preinit_array_end, .)

.init_array     0x08004818        0x4
                0x08004818                PROVIDE (__init_array_start, .)
 *(SORT(.init_array.*))
 *(.init_array*)
 .init_array    0x08004818        0x4 c:/program files (x86)/atollic/truestudio for arm 5.4.1/armtools/bin/../lib/gcc/arm-atollic-eabi/4.8.3/armv7e-m/fpu/crtbegin.o
                0x0800481c                PROVIDE (__init_array_end, .)

.fini_array     0x0800481c        0x4
                0x0800481c                PROVIDE (__fini_array_start, .)
 *(SORT(.fini_array.*))
 *(.fini_array*)
 .fini_array    0x0800481c        0x4 c:/program files (x86)/atollic/truestudio for arm 5.4.1/armtools/bin/../lib/gcc/arm-atollic-eabi/4.8.3/armv7e-m/fpu/crtbegin.o
                0x08004820                PROVIDE (__fini_array_end, .)
                0x08004820                _sidata = LOADADDR (.data)

.data           0x20000000      0x124 load address 0x08004820
                0x20000000                . = ALIGN (0x4)
                0x20000000                _sdata = .
 *(.data)
 *(.data*)
 .data.SystemCoreClock
                0x20000000        0x4 src\system_stm32f4xx.o
                0x20000000                SystemCoreClock
 .data.AudioRemSize
                0x20000004        0x4 Utilities\STM32F4-Discovery\stm32f4_discovery_audio_codec.o
                0x20000004                AudioRemSize
 .data.CurrAudioInterface
                0x20000008        0x4 Utilities\STM32F4-Discovery\stm32f4_discovery_audio_codec.o
                0x20000008                CurrAudioInterface
 .data.AUDIO_MAL_DMA_STREAM
                0x2000000c        0x4 Utilities\STM32F4-Discovery\stm32f4_discovery_audio_codec.o
                0x2000000c                AUDIO_MAL_DMA_STREAM
 .data.AUDIO_MAL_DMA_FLAG_TC
                0x20000010        0x4 Utilities\STM32F4-Discovery\stm32f4_discovery_audio_codec.o
                0x20000010                AUDIO_MAL_DMA_FLAG_TC
 .data.USBD_DCD_INT_cb
                0x20000014       0x2c Libraries\usb_lib\core\usbd_core.o
                0x20000014                USBD_DCD_INT_cb
 .data.USBD_DCD_INT_fops
                0x20000040        0x4 Libraries\usb_lib\core\usbd_core.o
                0x20000040                USBD_DCD_INT_fops
 .data.linecoding
                0x20000044        0x8 Libraries\usb_lib\cdc\usbd_cdc_vcp.o
                0x20000044                linecoding
 .data.VCP_fops
                0x2000004c       0x14 Libraries\usb_lib\cdc\usbd_cdc_vcp.o
                0x2000004c                VCP_fops
 .data.usbd_cdc_CfgDesc
                0x20000060       0x44 Libraries\usb_lib\cdc\usbd_cdc_core.o
                0x20000060                usbd_cdc_CfgDesc
 .data.cdcCmd   0x200000a4        0x4 Libraries\usb_lib\cdc\usbd_cdc_core.o
 .data.USBD_CDC_cb
                0x200000a8       0x2c Libraries\usb_lib\cdc\usbd_cdc_core.o
                0x200000a8                USBD_CDC_cb
 .data.USR_cb   0x200000d4       0x1c Libraries\usb_conf\usbd_usr.o
                0x200000d4                USR_cb
 .data.USR_desc
                0x200000f0       0x1c Libraries\usb_conf\usbd_desc.o
                0x200000f0                USR_desc
 .data.USBD_DeviceDesc
                0x2000010c       0x14 Libraries\usb_conf\usbd_desc.o
                0x2000010c                USBD_DeviceDesc
 .data.USBD_LangIDDesc
                0x20000120        0x4 Libraries\usb_conf\usbd_desc.o
                0x20000120                USBD_LangIDDesc
                0x20000124                . = ALIGN (0x4)
                0x20000124                _edata = .
                0x08004944                _siccmram = LOADADDR (.ccmram)

.igot.plt       0x20000124        0x0 load address 0x08004944
 .igot.plt      0x00000000        0x0 c:/program files (x86)/atollic/truestudio for arm 5.4.1/armtools/bin/../lib/gcc/arm-atollic-eabi/4.8.3/armv7e-m/fpu/crtbegin.o

.ccmram         0x10000000        0x0 load address 0x08004944
                0x10000000                . = ALIGN (0x4)
                0x10000000                _sccmram = .
 *(.ccmram)
 *(.ccmram*)
                0x10000000                . = ALIGN (0x4)
                0x10000000                _eccmram = .
                0x10000000                . = ALIGN (0x4)

.bss            0x20000124     0x1010
                0x20000124                _sbss = .
                0x20000124                __bss_start__ = _sbss
 *(.bss)
 .bss           0x20000124       0x1c c:/program files (x86)/atollic/truestudio for arm 5.4.1/armtools/bin/../lib/gcc/arm-atollic-eabi/4.8.3/armv7e-m/fpu/crtbegin.o
 *(.bss*)
 .bss.TimingDelay
                0x20000140        0x4 src\main.o
                0x20000140                TimingDelay
 .bss.USB_OTG_dev
                0x20000144      0x5f0 src\main.o
                0x20000144                USB_OTG_dev
 .bss.USBD_ep_status
                0x20000734        0x4 Libraries\usb_lib\core\usbd_req.o
                0x20000734                USBD_ep_status
 .bss.USBD_default_cfg
                0x20000738        0x4 Libraries\usb_lib\core\usbd_req.o
                0x20000738                USBD_default_cfg
 .bss.USBD_cfg_status
                0x2000073c        0x4 Libraries\usb_lib\core\usbd_req.o
                0x2000073c                USBD_cfg_status
 .bss.cfgidx.8645
                0x20000740        0x1 Libraries\usb_lib\core\usbd_req.o
 *fill*         0x20000741        0x3 
 .bss.usbd_cdc_AltSet
                0x20000744        0x4 Libraries\usb_lib\cdc\usbd_cdc_core.o
 .bss.APP_Rx_ptr_in
                0x20000748        0x4 Libraries\usb_lib\cdc\usbd_cdc_core.o
                0x20000748                APP_Rx_ptr_in
 .bss.APP_Rx_ptr_out
                0x2000074c        0x4 Libraries\usb_lib\cdc\usbd_cdc_core.o
                0x2000074c                APP_Rx_ptr_out
 .bss.APP_Rx_length
                0x20000750        0x4 Libraries\usb_lib\cdc\usbd_cdc_core.o
                0x20000750                APP_Rx_length
 .bss.USB_Tx_State
                0x20000754        0x1 Libraries\usb_lib\cdc\usbd_cdc_core.o
                0x20000754                USB_Tx_State
 *fill*         0x20000755        0x3 
 .bss.cdcLen    0x20000758        0x4 Libraries\usb_lib\cdc\usbd_cdc_core.o
 .bss.FrameCount.8639
                0x2000075c        0x4 Libraries\usb_lib\cdc\usbd_cdc_core.o
 *(COMMON)
 COMMON         0x20000760       0x7c Utilities\STM32F4-Discovery\stm32f4_discovery_audio_codec.o
                0x20000760                CurrentPos
                0x20000764                AUDIO_MAL_DMA_InitStructure
                0x200007a0                DMA_InitStructure
 COMMON         0x200007dc       0x32 Libraries\usb_lib\core\usbd_req.o
                0x200007dc                USBD_StrDesc
 *fill*         0x2000080e        0x2 
 COMMON         0x20000810       0x98 Libraries\usb_lib\cdc\usbd_cdc_vcp.o
                0x20000810                APP_Tx_Buffer
                0x20000890                APP_tx_ptr_tail
                0x20000894                USART_InitStructure
                0x200008a4                APP_tx_ptr_head
 COMMON         0x200008a8      0x88c Libraries\usb_lib\cdc\usbd_cdc_core.o
                0x200008a8                usbd_cdc_OtherCfgDesc
                0x200008ec                USB_Rx_Buffer
                0x2000092c                CmdBuff
                0x20000934                APP_Rx_Buffer
                0x20001134                . = ALIGN (0x4)
                0x20001134                _ebss = .
                0x20001134                __bss_end__ = _ebss

._user_heap_stack
                0x20001134      0x400
                0x20001134                . = ALIGN (0x4)
                0x20001134                PROVIDE (end, .)
                0x20001134                PROVIDE (_end, .)
                0x20001134                . = (. + _Min_Heap_Size)
                0x20001534                . = (. + _Min_Stack_Size)
 *fill*         0x20001134      0x400 
                0x20001534                . = ALIGN (0x4)

.memory_b1_text
 *(.mb1text)
 *(.mb1text*)
 *(.mb1rodata)
 *(.mb1rodata*)

/DISCARD/
 libc.a(*)
 libm.a(*)
 libgcc.a(*)

.ARM.attributes
                0x00000000       0x30
 *(.ARM.attributes)
 .ARM.attributes
                0x00000000       0x22 c:/program files (x86)/atollic/truestudio for arm 5.4.1/armtools/bin/../lib/gcc/arm-atollic-eabi/4.8.3/armv7e-m/fpu/crti.o
 .ARM.attributes
                0x00000022       0x34 c:/program files (x86)/atollic/truestudio for arm 5.4.1/armtools/bin/../lib/gcc/arm-atollic-eabi/4.8.3/armv7e-m/fpu/crtbegin.o
 .ARM.attributes
                0x00000056       0x39 src\system_stm32f4xx.o
 .ARM.attributes
                0x0000008f       0x39 src\stm32f4xx_it.o
 .ARM.attributes
                0x000000c8       0x21 src\startup_stm32f40xx.o
 .ARM.attributes
                0x000000e9       0x39 src\main.o
 .ARM.attributes
                0x00000122       0x39 Utilities\STM32F4-Discovery\stm32f4_discovery_audio_codec.o
 .ARM.attributes
                0x0000015b       0x39 Libraries\usb_lib\otg\usb_dcd_int.o
 .ARM.attributes
                0x00000194       0x39 Libraries\usb_lib\otg\usb_dcd.o
 .ARM.attributes
                0x000001cd       0x39 Libraries\usb_lib\otg\usb_core.o
 .ARM.attributes
                0x00000206       0x39 Libraries\usb_lib\core\usbd_req.o
 .ARM.attributes
                0x0000023f       0x39 Libraries\usb_lib\core\usbd_ioreq.o
 .ARM.attributes
                0x00000278       0x39 Libraries\usb_lib\core\usbd_core.o
 .ARM.attributes
                0x000002b1       0x39 Libraries\usb_lib\cdc\usbd_cdc_vcp.o
 .ARM.attributes
                0x000002ea       0x39 Libraries\usb_lib\cdc\usbd_cdc_core.o
 .ARM.attributes
                0x00000323       0x39 Libraries\usb_conf\usbd_usr.o
 .ARM.attributes
                0x0000035c       0x39 Libraries\usb_conf\usbd_desc.o
 .ARM.attributes
                0x00000395       0x39 Libraries\usb_conf\usb_bsp.o
 .ARM.attributes
                0x000003ce       0x39 Libraries\STM32F4xx_StdPeriph_Driver\src\stm32f4xx_spi.o
 .ARM.attributes
                0x00000407       0x39 Libraries\STM32F4xx_StdPeriph_Driver\src\stm32f4xx_rcc.o
 .ARM.attributes
                0x00000440       0x39 Libraries\STM32F4xx_StdPeriph_Driver\src\stm32f4xx_gpio.o
 .ARM.attributes
                0x00000479       0x39 Libraries\STM32F4xx_StdPeriph_Driver\src\stm32f4xx_exti.o
 .ARM.attributes
                0x000004b2       0x39 Libraries\STM32F4xx_StdPeriph_Driver\src\stm32f4xx_dma.o
 .ARM.attributes
                0x000004eb       0x39 Libraries\STM32F4xx_StdPeriph_Driver\src\stm32f4xx_dac.o
 .ARM.attributes
                0x00000524       0x39 Libraries\STM32F4xx_StdPeriph_Driver\src\misc.o
 .ARM.attributes
                0x0000055d       0x34 c:/program files (x86)/atollic/truestudio for arm 5.4.1/armtools/bin/../lib/gcc/arm-atollic-eabi/4.8.3/../../../../arm-atollic-eabi/lib/armv7e-m/fpu\libc.a(lib_a-init.o)
 .ARM.attributes
                0x00000591       0x22 c:/program files (x86)/atollic/truestudio for arm 5.4.1/armtools/bin/../lib/gcc/arm-atollic-eabi/4.8.3/armv7e-m/fpu/crtn.o
OUTPUT(RX_Firmware06.elf elf32-littlearm)

.debug_info     0x00000000    0x10420
 .debug_info    0x00000000      0x5a3 src\system_stm32f4xx.o
 .debug_info    0x000005a3      0x122 src\stm32f4xx_it.o
 .debug_info    0x000006c5       0x8b src\startup_stm32f40xx.o
 .debug_info    0x00000750     0x1207 src\main.o
 .debug_info    0x00001957     0x1090 Utilities\STM32F4-Discovery\stm32f4_discovery_audio_codec.o
 .debug_info    0x000029e7     0x1d74 Libraries\usb_lib\otg\usb_dcd_int.o
 .debug_info    0x0000475b     0x1026 Libraries\usb_lib\otg\usb_dcd.o
 .debug_info    0x00005781     0x2522 Libraries\usb_lib\otg\usb_core.o
 .debug_info    0x00007ca3      0xfa2 Libraries\usb_lib\core\usbd_req.o
 .debug_info    0x00008c45      0xcbe Libraries\usb_lib\core\usbd_ioreq.o
 .debug_info    0x00009903      0xe9c Libraries\usb_lib\core\usbd_core.o
 .debug_info    0x0000a79f      0x4b2 Libraries\usb_lib\cdc\usbd_cdc_vcp.o
 .debug_info    0x0000ac51      0xef9 Libraries\usb_lib\cdc\usbd_cdc_core.o
 .debug_info    0x0000bb4a      0x1cf Libraries\usb_conf\usbd_usr.o
 .debug_info    0x0000bd19      0x367 Libraries\usb_conf\usbd_desc.o
 .debug_info    0x0000c080     0x100b Libraries\usb_conf\usb_bsp.o
 .debug_info    0x0000d08b      0xb0b Libraries\STM32F4xx_StdPeriph_Driver\src\stm32f4xx_spi.o
 .debug_info    0x0000db96      0xc77 Libraries\STM32F4xx_StdPeriph_Driver\src\stm32f4xx_rcc.o
 .debug_info    0x0000e80d      0x609 Libraries\STM32F4xx_StdPeriph_Driver\src\stm32f4xx_gpio.o
 .debug_info    0x0000ee16      0x34b Libraries\STM32F4xx_StdPeriph_Driver\src\stm32f4xx_exti.o
 .debug_info    0x0000f161      0x73d Libraries\STM32F4xx_StdPeriph_Driver\src\stm32f4xx_dma.o
 .debug_info    0x0000f89e      0x641 Libraries\STM32F4xx_StdPeriph_Driver\src\stm32f4xx_dac.o
 .debug_info    0x0000fedf      0x541 Libraries\STM32F4xx_StdPeriph_Driver\src\misc.o

.debug_abbrev   0x00000000     0x274f
 .debug_abbrev  0x00000000      0x138 src\system_stm32f4xx.o
 .debug_abbrev  0x00000138       0x67 src\stm32f4xx_it.o
 .debug_abbrev  0x0000019f       0x12 src\startup_stm32f40xx.o
 .debug_abbrev  0x000001b1      0x2ae src\main.o
 .debug_abbrev  0x0000045f      0x258 Utilities\STM32F4-Discovery\stm32f4_discovery_audio_codec.o
 .debug_abbrev  0x000006b7      0x25d Libraries\usb_lib\otg\usb_dcd_int.o
 .debug_abbrev  0x00000914      0x25b Libraries\usb_lib\otg\usb_dcd.o
 .debug_abbrev  0x00000b6f      0x2e9 Libraries\usb_lib\otg\usb_core.o
 .debug_abbrev  0x00000e58      0x295 Libraries\usb_lib\core\usbd_req.o
 .debug_abbrev  0x000010ed      0x1b1 Libraries\usb_lib\core\usbd_ioreq.o
 .debug_abbrev  0x0000129e      0x21f Libraries\usb_lib\core\usbd_core.o
 .debug_abbrev  0x000014bd      0x18b Libraries\usb_lib\cdc\usbd_cdc_vcp.o
 .debug_abbrev  0x00001648      0x217 Libraries\usb_lib\cdc\usbd_cdc_core.o
 .debug_abbrev  0x0000185f       0xdf Libraries\usb_conf\usbd_usr.o
 .debug_abbrev  0x0000193e      0x12e Libraries\usb_conf\usbd_desc.o
 .debug_abbrev  0x00001a6c      0x22d Libraries\usb_conf\usb_bsp.o
 .debug_abbrev  0x00001c99      0x169 Libraries\STM32F4xx_StdPeriph_Driver\src\stm32f4xx_spi.o
 .debug_abbrev  0x00001e02      0x1e5 Libraries\STM32F4xx_StdPeriph_Driver\src\stm32f4xx_rcc.o
 .debug_abbrev  0x00001fe7      0x1a5 Libraries\STM32F4xx_StdPeriph_Driver\src\stm32f4xx_gpio.o
 .debug_abbrev  0x0000218c      0x1a7 Libraries\STM32F4xx_StdPeriph_Driver\src\stm32f4xx_exti.o
 .debug_abbrev  0x00002333      0x157 Libraries\STM32F4xx_StdPeriph_Driver\src\stm32f4xx_dma.o
 .debug_abbrev  0x0000248a      0x17e Libraries\STM32F4xx_StdPeriph_Driver\src\stm32f4xx_dac.o
 .debug_abbrev  0x00002608      0x147 Libraries\STM32F4xx_StdPeriph_Driver\src\misc.o

.debug_aranges  0x00000000      0xc60
 .debug_aranges
                0x00000000       0x30 src\system_stm32f4xx.o
 .debug_aranges
                0x00000030       0x58 src\stm32f4xx_it.o
 .debug_aranges
                0x00000088       0x28 src\startup_stm32f40xx.o
 .debug_aranges
                0x000000b0       0x68 src\main.o
 .debug_aranges
                0x00000118      0x130 Utilities\STM32F4-Discovery\stm32f4_discovery_audio_codec.o
 .debug_aranges
                0x00000248       0x80 Libraries\usb_lib\otg\usb_dcd_int.o
 .debug_aranges
                0x000002c8       0x80 Libraries\usb_lib\otg\usb_dcd.o
 .debug_aranges
                0x00000348      0x138 Libraries\usb_lib\otg\usb_core.o
 .debug_aranges
                0x00000480       0x88 Libraries\usb_lib\core\usbd_req.o
 .debug_aranges
                0x00000508       0x50 Libraries\usb_lib\core\usbd_ioreq.o
 .debug_aranges
                0x00000558       0x80 Libraries\usb_lib\core\usbd_core.o
 .debug_aranges
                0x000005d8       0x70 Libraries\usb_lib\cdc\usbd_cdc_vcp.o
 .debug_aranges
                0x00000648       0x60 Libraries\usb_lib\cdc\usbd_cdc_core.o
 .debug_aranges
                0x000006a8       0x50 Libraries\usb_conf\usbd_usr.o
 .debug_aranges
                0x000006f8       0x50 Libraries\usb_conf\usbd_desc.o
 .debug_aranges
                0x00000748       0x48 Libraries\usb_conf\usb_bsp.o
 .debug_aranges
                0x00000790       0xe0 Libraries\STM32F4xx_StdPeriph_Driver\src\stm32f4xx_spi.o
 .debug_aranges
                0x00000870      0x180 Libraries\STM32F4xx_StdPeriph_Driver\src\stm32f4xx_rcc.o
 .debug_aranges
                0x000009f0       0x88 Libraries\STM32F4xx_StdPeriph_Driver\src\stm32f4xx_gpio.o
 .debug_aranges
                0x00000a78       0x58 Libraries\STM32F4xx_StdPeriph_Driver\src\stm32f4xx_exti.o
 .debug_aranges
                0x00000ad0       0xb0 Libraries\STM32F4xx_StdPeriph_Driver\src\stm32f4xx_dma.o
 .debug_aranges
                0x00000b80       0xa0 Libraries\STM32F4xx_StdPeriph_Driver\src\stm32f4xx_dac.o
 .debug_aranges
                0x00000c20       0x40 Libraries\STM32F4xx_StdPeriph_Driver\src\misc.o

.debug_ranges   0x00000000      0xaf8
 .debug_ranges  0x00000000       0x20 src\system_stm32f4xx.o
 .debug_ranges  0x00000020       0x48 src\stm32f4xx_it.o
 .debug_ranges  0x00000068       0x20 src\startup_stm32f40xx.o
 .debug_ranges  0x00000088       0x58 src\main.o
 .debug_ranges  0x000000e0      0x120 Utilities\STM32F4-Discovery\stm32f4_discovery_audio_codec.o
 .debug_ranges  0x00000200       0x70 Libraries\usb_lib\otg\usb_dcd_int.o
 .debug_ranges  0x00000270       0x70 Libraries\usb_lib\otg\usb_dcd.o
 .debug_ranges  0x000002e0      0x128 Libraries\usb_lib\otg\usb_core.o
 .debug_ranges  0x00000408       0x78 Libraries\usb_lib\core\usbd_req.o
 .debug_ranges  0x00000480       0x40 Libraries\usb_lib\core\usbd_ioreq.o
 .debug_ranges  0x000004c0       0x70 Libraries\usb_lib\core\usbd_core.o
 .debug_ranges  0x00000530       0x60 Libraries\usb_lib\cdc\usbd_cdc_vcp.o
 .debug_ranges  0x00000590       0x50 Libraries\usb_lib\cdc\usbd_cdc_core.o
 .debug_ranges  0x000005e0       0x40 Libraries\usb_conf\usbd_usr.o
 .debug_ranges  0x00000620       0x40 Libraries\usb_conf\usbd_desc.o
 .debug_ranges  0x00000660       0x38 Libraries\usb_conf\usb_bsp.o
 .debug_ranges  0x00000698       0xd0 Libraries\STM32F4xx_StdPeriph_Driver\src\stm32f4xx_spi.o
 .debug_ranges  0x00000768      0x170 Libraries\STM32F4xx_StdPeriph_Driver\src\stm32f4xx_rcc.o
 .debug_ranges  0x000008d8       0x78 Libraries\STM32F4xx_StdPeriph_Driver\src\stm32f4xx_gpio.o
 .debug_ranges  0x00000950       0x48 Libraries\STM32F4xx_StdPeriph_Driver\src\stm32f4xx_exti.o
 .debug_ranges  0x00000998       0xa0 Libraries\STM32F4xx_StdPeriph_Driver\src\stm32f4xx_dma.o
 .debug_ranges  0x00000a38       0x90 Libraries\STM32F4xx_StdPeriph_Driver\src\stm32f4xx_dac.o
 .debug_ranges  0x00000ac8       0x30 Libraries\STM32F4xx_StdPeriph_Driver\src\misc.o

.debug_line     0x00000000     0x4cf7
 .debug_line    0x00000000      0x1f4 src\system_stm32f4xx.o
 .debug_line    0x000001f4      0x1d1 src\stm32f4xx_it.o
 .debug_line    0x000003c5       0x7a src\startup_stm32f40xx.o
 .debug_line    0x0000043f      0x42a src\main.o
 .debug_line    0x00000869      0x6e2 Utilities\STM32F4-Discovery\stm32f4_discovery_audio_codec.o
 .debug_line    0x00000f4b      0x398 Libraries\usb_lib\otg\usb_dcd_int.o
 .debug_line    0x000012e3      0x320 Libraries\usb_lib\otg\usb_dcd.o
 .debug_line    0x00001603      0x6b5 Libraries\usb_lib\otg\usb_core.o
 .debug_line    0x00001cb8      0x402 Libraries\usb_lib\core\usbd_req.o
 .debug_line    0x000020ba      0x266 Libraries\usb_lib\core\usbd_ioreq.o
 .debug_line    0x00002320      0x352 Libraries\usb_lib\core\usbd_core.o
 .debug_line    0x00002672      0x344 Libraries\usb_lib\cdc\usbd_cdc_vcp.o
 .debug_line    0x000029b6      0x33a Libraries\usb_lib\cdc\usbd_cdc_core.o
 .debug_line    0x00002cf0      0x228 Libraries\usb_conf\usbd_usr.o
 .debug_line    0x00002f18      0x24c Libraries\usb_conf\usbd_desc.o
 .debug_line    0x00003164      0x2c8 Libraries\usb_conf\usb_bsp.o
 .debug_line    0x0000342c      0x445 Libraries\STM32F4xx_StdPeriph_Driver\src\stm32f4xx_spi.o
 .debug_line    0x00003871      0x597 Libraries\STM32F4xx_StdPeriph_Driver\src\stm32f4xx_rcc.o
 .debug_line    0x00003e08      0x329 Libraries\STM32F4xx_StdPeriph_Driver\src\stm32f4xx_gpio.o
 .debug_line    0x00004131      0x28f Libraries\STM32F4xx_StdPeriph_Driver\src\stm32f4xx_exti.o
 .debug_line    0x000043c0      0x3c6 Libraries\STM32F4xx_StdPeriph_Driver\src\stm32f4xx_dma.o
 .debug_line    0x00004786      0x342 Libraries\STM32F4xx_StdPeriph_Driver\src\stm32f4xx_dac.o
 .debug_line    0x00004ac8      0x22f Libraries\STM32F4xx_StdPeriph_Driver\src\misc.o

.debug_str      0x00000000     0x45ae
 .debug_str     0x00000000      0x391 src\system_stm32f4xx.o
                                0x40e (size before relaxing)
 .debug_str     0x00000391       0x96 src\stm32f4xx_it.o
                                0x247 (size before relaxing)
 .debug_str     0x00000427      0xe26 src\main.o
                               0x1197 (size before relaxing)
 .debug_str     0x0000124d      0x949 Utilities\STM32F4-Discovery\stm32f4_discovery_audio_codec.o
                               0x10ef (size before relaxing)
 .debug_str     0x00001b96      0x7d9 Libraries\usb_lib\otg\usb_dcd_int.o
                               0x12f7 (size before relaxing)
 .debug_str     0x0000236f      0x101 Libraries\usb_lib\otg\usb_dcd.o
                                0xb99 (size before relaxing)
 .debug_str     0x00002470      0x693 Libraries\usb_lib\otg\usb_core.o
                               0x16f9 (size before relaxing)
 .debug_str     0x00002b03      0x188 Libraries\usb_lib\core\usbd_req.o
                                0xb6a (size before relaxing)
 .debug_str     0x00002c8b       0xaf Libraries\usb_lib\core\usbd_ioreq.o
                                0xa29 (size before relaxing)
 .debug_str     0x00002d3a       0xef Libraries\usb_lib\core\usbd_core.o
                                0xb3f (size before relaxing)
 .debug_str     0x00002e29      0x21d Libraries\usb_lib\cdc\usbd_cdc_vcp.o
                                0x424 (size before relaxing)
 .debug_str     0x00003046      0x186 Libraries\usb_lib\cdc\usbd_cdc_core.o
                                0xb87 (size before relaxing)
 .debug_str     0x000031cc       0xc3 Libraries\usb_conf\usbd_usr.o
                                0x319 (size before relaxing)
 .debug_str     0x0000328f      0x11d Libraries\usb_conf\usbd_desc.o
                                0x3f2 (size before relaxing)
 .debug_str     0x000033ac       0xb0 Libraries\usb_conf\usb_bsp.o
                               0x1140 (size before relaxing)
 .debug_str     0x0000345c      0x33f Libraries\STM32F4xx_StdPeriph_Driver\src\stm32f4xx_spi.o
                                0x706 (size before relaxing)
 .debug_str     0x0000379b      0x56b Libraries\STM32F4xx_StdPeriph_Driver\src\stm32f4xx_rcc.o
                                0x8f5 (size before relaxing)
 .debug_str     0x00003d06      0x16e Libraries\STM32F4xx_StdPeriph_Driver\src\stm32f4xx_gpio.o
                                0x51f (size before relaxing)
 .debug_str     0x00003e74      0x1c0 Libraries\STM32F4xx_StdPeriph_Driver\src\stm32f4xx_exti.o
                                0x3d5 (size before relaxing)
 .debug_str     0x00004034      0x254 Libraries\STM32F4xx_StdPeriph_Driver\src\stm32f4xx_dma.o
                                0x5be (size before relaxing)
 .debug_str     0x00004288      0x220 Libraries\STM32F4xx_StdPeriph_Driver\src\stm32f4xx_dac.o
                                0x4cf (size before relaxing)
 .debug_str     0x000044a8      0x106 Libraries\STM32F4xx_StdPeriph_Driver\src\misc.o
                                0x44a (size before relaxing)

.comment        0x00000000       0x82
 .comment       0x00000000       0x82 src\system_stm32f4xx.o
                                 0x83 (size before relaxing)
 .comment       0x00000000       0x83 src\stm32f4xx_it.o
 .comment       0x00000000       0x83 src\main.o
 .comment       0x00000000       0x83 Utilities\STM32F4-Discovery\stm32f4_discovery_audio_codec.o
 .comment       0x00000000       0x83 Libraries\usb_lib\otg\usb_dcd_int.o
 .comment       0x00000000       0x83 Libraries\usb_lib\otg\usb_dcd.o
 .comment       0x00000000       0x83 Libraries\usb_lib\otg\usb_core.o
 .comment       0x00000000       0x83 Libraries\usb_lib\core\usbd_req.o
 .comment       0x00000000       0x83 Libraries\usb_lib\core\usbd_ioreq.o
 .comment       0x00000000       0x83 Libraries\usb_lib\core\usbd_core.o
 .comment       0x00000000       0x83 Libraries\usb_lib\cdc\usbd_cdc_vcp.o
 .comment       0x00000000       0x83 Libraries\usb_lib\cdc\usbd_cdc_core.o
 .comment       0x00000000       0x83 Libraries\usb_conf\usbd_usr.o
 .comment       0x00000000       0x83 Libraries\usb_conf\usbd_desc.o
 .comment       0x00000000       0x83 Libraries\usb_conf\usb_bsp.o
 .comment       0x00000000       0x83 Libraries\STM32F4xx_StdPeriph_Driver\src\stm32f4xx_spi.o
 .comment       0x00000000       0x83 Libraries\STM32F4xx_StdPeriph_Driver\src\stm32f4xx_rcc.o
 .comment       0x00000000       0x83 Libraries\STM32F4xx_StdPeriph_Driver\src\stm32f4xx_gpio.o
 .comment       0x00000000       0x83 Libraries\STM32F4xx_StdPeriph_Driver\src\stm32f4xx_exti.o
 .comment       0x00000000       0x83 Libraries\STM32F4xx_StdPeriph_Driver\src\stm32f4xx_dma.o
 .comment       0x00000000       0x83 Libraries\STM32F4xx_StdPeriph_Driver\src\stm32f4xx_dac.o
 .comment       0x00000000       0x83 Libraries\STM32F4xx_StdPeriph_Driver\src\misc.o

.debug_frame    0x00000000     0x267c
 .debug_frame   0x00000000       0x64 src\system_stm32f4xx.o
 .debug_frame   0x00000064       0xd0 src\stm32f4xx_it.o
 .debug_frame   0x00000134      0x128 src\main.o
 .debug_frame   0x0000025c      0x438 Utilities\STM32F4-Discovery\stm32f4_discovery_audio_codec.o
 .debug_frame   0x00000694      0x1ac Libraries\usb_lib\otg\usb_dcd_int.o
 .debug_frame   0x00000840      0x1ac Libraries\usb_lib\otg\usb_dcd.o
 .debug_frame   0x000009ec      0x434 Libraries\usb_lib\otg\usb_core.o
 .debug_frame   0x00000e20      0x1c8 Libraries\usb_lib\core\usbd_req.o
 .debug_frame   0x00000fe8       0xec Libraries\usb_lib\core\usbd_ioreq.o
 .debug_frame   0x000010d4      0x1ac Libraries\usb_lib\core\usbd_core.o
 .debug_frame   0x00001280      0x144 Libraries\usb_lib\cdc\usbd_cdc_vcp.o
 .debug_frame   0x000013c4      0x12c Libraries\usb_lib\cdc\usbd_cdc_core.o
 .debug_frame   0x000014f0       0xbc Libraries\usb_conf\usbd_usr.o
 .debug_frame   0x000015ac       0xe8 Libraries\usb_conf\usbd_desc.o
 .debug_frame   0x00001694       0xc4 Libraries\usb_conf\usb_bsp.o
 .debug_frame   0x00001758      0x2d0 Libraries\STM32F4xx_StdPeriph_Driver\src\stm32f4xx_spi.o
 .debug_frame   0x00001a28      0x4f4 Libraries\STM32F4xx_StdPeriph_Driver\src\stm32f4xx_rcc.o
 .debug_frame   0x00001f1c      0x19c Libraries\STM32F4xx_StdPeriph_Driver\src\stm32f4xx_gpio.o
 .debug_frame   0x000020b8       0xec Libraries\STM32F4xx_StdPeriph_Driver\src\stm32f4xx_exti.o
 .debug_frame   0x000021a4      0x224 Libraries\STM32F4xx_StdPeriph_Driver\src\stm32f4xx_dma.o
 .debug_frame   0x000023c8      0x1ec Libraries\STM32F4xx_StdPeriph_Driver\src\stm32f4xx_dac.o
 .debug_frame   0x000025b4       0x9c Libraries\STM32F4xx_StdPeriph_Driver\src\misc.o
 .debug_frame   0x00002650       0x2c c:/program files (x86)/atollic/truestudio for arm 5.4.1/armtools/bin/../lib/gcc/arm-atollic-eabi/4.8.3/../../../../arm-atollic-eabi/lib/armv7e-m/fpu\libc.a(lib_a-init.o)

Cross Reference Table

Symbol                                            File
ADC_AnalogWatchdogCmd                             Libraries\STM32F4xx_StdPeriph_Driver\src\stm32f4xx_adc.o
ADC_AnalogWatchdogSingleChannelConfig             Libraries\STM32F4xx_StdPeriph_Driver\src\stm32f4xx_adc.o
ADC_AnalogWatchdogThresholdsConfig                Libraries\STM32F4xx_StdPeriph_Driver\src\stm32f4xx_adc.o
ADC_AutoInjectedConvCmd                           Libraries\STM32F4xx_StdPeriph_Driver\src\stm32f4xx_adc.o
ADC_ClearFlag                                     Libraries\STM32F4xx_StdPeriph_Driver\src\stm32f4xx_adc.o
ADC_ClearITPendingBit                             Libraries\STM32F4xx_StdPeriph_Driver\src\stm32f4xx_adc.o
ADC_Cmd                                           Libraries\STM32F4xx_StdPeriph_Driver\src\stm32f4xx_adc.o
ADC_CommonInit                                    Libraries\STM32F4xx_StdPeriph_Driver\src\stm32f4xx_adc.o
ADC_CommonStructInit                              Libraries\STM32F4xx_StdPeriph_Driver\src\stm32f4xx_adc.o
ADC_ContinuousModeCmd                             Libraries\STM32F4xx_StdPeriph_Driver\src\stm32f4xx_adc.o
ADC_DMACmd                                        Libraries\STM32F4xx_StdPeriph_Driver\src\stm32f4xx_adc.o
ADC_DMARequestAfterLastTransferCmd                Libraries\STM32F4xx_StdPeriph_Driver\src\stm32f4xx_adc.o
ADC_DeInit                                        Libraries\STM32F4xx_StdPeriph_Driver\src\stm32f4xx_adc.o
ADC_DiscModeChannelCountConfig                    Libraries\STM32F4xx_StdPeriph_Driver\src\stm32f4xx_adc.o
ADC_DiscModeCmd                                   Libraries\STM32F4xx_StdPeriph_Driver\src\stm32f4xx_adc.o
ADC_EOCOnEachRegularChannelCmd                    Libraries\STM32F4xx_StdPeriph_Driver\src\stm32f4xx_adc.o
ADC_ExternalTrigInjectedConvConfig                Libraries\STM32F4xx_StdPeriph_Driver\src\stm32f4xx_adc.o
ADC_ExternalTrigInjectedConvEdgeConfig            Libraries\STM32F4xx_StdPeriph_Driver\src\stm32f4xx_adc.o
ADC_GetConversionValue                            Libraries\STM32F4xx_StdPeriph_Driver\src\stm32f4xx_adc.o
ADC_GetFlagStatus                                 Libraries\STM32F4xx_StdPeriph_Driver\src\stm32f4xx_adc.o
ADC_GetITStatus                                   Libraries\STM32F4xx_StdPeriph_Driver\src\stm32f4xx_adc.o
ADC_GetInjectedConversionValue                    Libraries\STM32F4xx_StdPeriph_Driver\src\stm32f4xx_adc.o
ADC_GetMultiModeConversionValue                   Libraries\STM32F4xx_StdPeriph_Driver\src\stm32f4xx_adc.o
ADC_GetSoftwareStartConvStatus                    Libraries\STM32F4xx_StdPeriph_Driver\src\stm32f4xx_adc.o
ADC_GetSoftwareStartInjectedConvCmdStatus         Libraries\STM32F4xx_StdPeriph_Driver\src\stm32f4xx_adc.o
ADC_IRQHandler                                    src\startup_stm32f40xx.o
ADC_ITConfig                                      Libraries\STM32F4xx_StdPeriph_Driver\src\stm32f4xx_adc.o
ADC_Init                                          Libraries\STM32F4xx_StdPeriph_Driver\src\stm32f4xx_adc.o
ADC_InjectedChannelConfig                         Libraries\STM32F4xx_StdPeriph_Driver\src\stm32f4xx_adc.o
ADC_InjectedDiscModeCmd                           Libraries\STM32F4xx_StdPeriph_Driver\src\stm32f4xx_adc.o
ADC_InjectedSequencerLengthConfig                 Libraries\STM32F4xx_StdPeriph_Driver\src\stm32f4xx_adc.o
ADC_MultiModeDMARequestAfterLastTransferCmd       Libraries\STM32F4xx_StdPeriph_Driver\src\stm32f4xx_adc.o
ADC_RegularChannelConfig                          Libraries\STM32F4xx_StdPeriph_Driver\src\stm32f4xx_adc.o
ADC_SetInjectedOffset                             Libraries\STM32F4xx_StdPeriph_Driver\src\stm32f4xx_adc.o
ADC_SoftwareStartConv                             Libraries\STM32F4xx_StdPeriph_Driver\src\stm32f4xx_adc.o
ADC_SoftwareStartInjectedConv                     Libraries\STM32F4xx_StdPeriph_Driver\src\stm32f4xx_adc.o
ADC_StructInit                                    Libraries\STM32F4xx_StdPeriph_Driver\src\stm32f4xx_adc.o
ADC_TempSensorVrefintCmd                          Libraries\STM32F4xx_StdPeriph_Driver\src\stm32f4xx_adc.o
ADC_VBATCmd                                       Libraries\STM32F4xx_StdPeriph_Driver\src\stm32f4xx_adc.o
AHBPrescTable                                     src\system_stm32f4xx.o
APP_Rx_Buffer                                     Libraries\usb_lib\cdc\usbd_cdc_core.o
                                                  Libraries\usb_lib\cdc\usbd_cdc_vcp.o
APP_Rx_length                                     Libraries\usb_lib\cdc\usbd_cdc_core.o
APP_Rx_ptr_in                                     Libraries\usb_lib\cdc\usbd_cdc_core.o
                                                  Libraries\usb_lib\cdc\usbd_cdc_vcp.o
APP_Rx_ptr_out                                    Libraries\usb_lib\cdc\usbd_cdc_core.o
APP_Tx_Buffer                                     Libraries\usb_lib\cdc\usbd_cdc_vcp.o
APP_tx_ptr_head                                   Libraries\usb_lib\cdc\usbd_cdc_vcp.o
APP_tx_ptr_tail                                   Libraries\usb_lib\cdc\usbd_cdc_vcp.o
AUDIO_MAL_DMA_CHANNEL                             Utilities\STM32F4-Discovery\stm32f4_discovery_audio_codec.o
AUDIO_MAL_DMA_CLOCK                               Utilities\STM32F4-Discovery\stm32f4_discovery_audio_codec.o
AUDIO_MAL_DMA_DREG                                Utilities\STM32F4-Discovery\stm32f4_discovery_audio_codec.o
AUDIO_MAL_DMA_FLAG_DME                            Utilities\STM32F4-Discovery\stm32f4_discovery_audio_codec.o
AUDIO_MAL_DMA_FLAG_FE                             Utilities\STM32F4-Discovery\stm32f4_discovery_audio_codec.o
AUDIO_MAL_DMA_FLAG_HT                             Utilities\STM32F4-Discovery\stm32f4_discovery_audio_codec.o
AUDIO_MAL_DMA_FLAG_TC                             Utilities\STM32F4-Discovery\stm32f4_discovery_audio_codec.o
AUDIO_MAL_DMA_FLAG_TE                             Utilities\STM32F4-Discovery\stm32f4_discovery_audio_codec.o
AUDIO_MAL_DMA_IRQ                                 Utilities\STM32F4-Discovery\stm32f4_discovery_audio_codec.o
AUDIO_MAL_DMA_InitStructure                       Utilities\STM32F4-Discovery\stm32f4_discovery_audio_codec.o
AUDIO_MAL_DMA_STREAM                              Utilities\STM32F4-Discovery\stm32f4_discovery_audio_codec.o
AudioRemSize                                      Utilities\STM32F4-Discovery\stm32f4_discovery_audio_codec.o
AudioTotalSize                                    Utilities\STM32F4-Discovery\stm32f4_discovery_audio_codec.o
Audio_MAL_Play                                    Utilities\STM32F4-Discovery\stm32f4_discovery_audio_codec.o
BUTTON_CLK                                        Utilities\STM32F4-Discovery\stm32f4_discovery.o
BUTTON_EXTI_LINE                                  Utilities\STM32F4-Discovery\stm32f4_discovery.o
BUTTON_IRQn                                       Utilities\STM32F4-Discovery\stm32f4_discovery.o
BUTTON_PIN                                        Utilities\STM32F4-Discovery\stm32f4_discovery.o
BUTTON_PIN_SOURCE                                 Utilities\STM32F4-Discovery\stm32f4_discovery.o
BUTTON_PORT                                       Utilities\STM32F4-Discovery\stm32f4_discovery.o
BUTTON_PORT_SOURCE                                Utilities\STM32F4-Discovery\stm32f4_discovery.o
BusFault_Handler                                  src\stm32f4xx_it.o
CAN1_RX0_IRQHandler                               src\startup_stm32f40xx.o
CAN1_RX1_IRQHandler                               src\startup_stm32f40xx.o
CAN1_SCE_IRQHandler                               src\startup_stm32f40xx.o
CAN1_TX_IRQHandler                                src\startup_stm32f40xx.o
CAN2_RX0_IRQHandler                               src\startup_stm32f40xx.o
CAN2_RX1_IRQHandler                               src\startup_stm32f40xx.o
CAN2_SCE_IRQHandler                               src\startup_stm32f40xx.o
CAN2_TX_IRQHandler                                src\startup_stm32f40xx.o
CAN_CancelTransmit                                Libraries\STM32F4xx_StdPeriph_Driver\src\stm32f4xx_can.o
CAN_ClearFlag                                     Libraries\STM32F4xx_StdPeriph_Driver\src\stm32f4xx_can.o
CAN_ClearITPendingBit                             Libraries\STM32F4xx_StdPeriph_Driver\src\stm32f4xx_can.o
CAN_DBGFreeze                                     Libraries\STM32F4xx_StdPeriph_Driver\src\stm32f4xx_can.o
CAN_DeInit                                        Libraries\STM32F4xx_StdPeriph_Driver\src\stm32f4xx_can.o
CAN_FIFORelease                                   Libraries\STM32F4xx_StdPeriph_Driver\src\stm32f4xx_can.o
CAN_FilterInit                                    Libraries\STM32F4xx_StdPeriph_Driver\src\stm32f4xx_can.o
CAN_GetFlagStatus                                 Libraries\STM32F4xx_StdPeriph_Driver\src\stm32f4xx_can.o
CAN_GetITStatus                                   Libraries\STM32F4xx_StdPeriph_Driver\src\stm32f4xx_can.o
CAN_GetLSBTransmitErrorCounter                    Libraries\STM32F4xx_StdPeriph_Driver\src\stm32f4xx_can.o
CAN_GetLastErrorCode                              Libraries\STM32F4xx_StdPeriph_Driver\src\stm32f4xx_can.o
CAN_GetReceiveErrorCounter                        Libraries\STM32F4xx_StdPeriph_Driver\src\stm32f4xx_can.o
CAN_ITConfig                                      Libraries\STM32F4xx_StdPeriph_Driver\src\stm32f4xx_can.o
CAN_Init                                          Libraries\STM32F4xx_StdPeriph_Driver\src\stm32f4xx_can.o
CAN_MessagePending                                Libraries\STM32F4xx_StdPeriph_Driver\src\stm32f4xx_can.o
CAN_OperatingModeRequest                          Libraries\STM32F4xx_StdPeriph_Driver\src\stm32f4xx_can.o
CAN_Receive                                       Libraries\STM32F4xx_StdPeriph_Driver\src\stm32f4xx_can.o
CAN_SlaveStartBank                                Libraries\STM32F4xx_StdPeriph_Driver\src\stm32f4xx_can.o
CAN_Sleep                                         Libraries\STM32F4xx_StdPeriph_Driver\src\stm32f4xx_can.o
CAN_StructInit                                    Libraries\STM32F4xx_StdPeriph_Driver\src\stm32f4xx_can.o
CAN_TTComModeCmd                                  Libraries\STM32F4xx_StdPeriph_Driver\src\stm32f4xx_can.o
CAN_Transmit                                      Libraries\STM32F4xx_StdPeriph_Driver\src\stm32f4xx_can.o
CAN_TransmitStatus                                Libraries\STM32F4xx_StdPeriph_Driver\src\stm32f4xx_can.o
CAN_WakeUp                                        Libraries\STM32F4xx_StdPeriph_Driver\src\stm32f4xx_can.o
CODECTimeout                                      Utilities\STM32F4-Discovery\stm32f4_discovery_audio_codec.o
CRC_CalcBlockCRC                                  Libraries\STM32F4xx_StdPeriph_Driver\src\stm32f4xx_crc.o
CRC_CalcCRC                                       Libraries\STM32F4xx_StdPeriph_Driver\src\stm32f4xx_crc.o
CRC_GetCRC                                        Libraries\STM32F4xx_StdPeriph_Driver\src\stm32f4xx_crc.o
CRC_GetIDRegister                                 Libraries\STM32F4xx_StdPeriph_Driver\src\stm32f4xx_crc.o
CRC_ResetDR                                       Libraries\STM32F4xx_StdPeriph_Driver\src\stm32f4xx_crc.o
CRC_SetIDRegister                                 Libraries\STM32F4xx_StdPeriph_Driver\src\stm32f4xx_crc.o
CRYP_AES_CBC                                      Libraries\STM32F4xx_StdPeriph_Driver\src\stm32f4xx_cryp_aes.o
CRYP_AES_CCM                                      Libraries\STM32F4xx_StdPeriph_Driver\src\stm32f4xx_cryp_aes.o
CRYP_AES_CTR                                      Libraries\STM32F4xx_StdPeriph_Driver\src\stm32f4xx_cryp_aes.o
CRYP_AES_ECB                                      Libraries\STM32F4xx_StdPeriph_Driver\src\stm32f4xx_cryp_aes.o
CRYP_AES_GCM                                      Libraries\STM32F4xx_StdPeriph_Driver\src\stm32f4xx_cryp_aes.o
CRYP_Cmd                                          Libraries\STM32F4xx_StdPeriph_Driver\src\stm32f4xx_cryp.o
                                                  Libraries\STM32F4xx_StdPeriph_Driver\src\stm32f4xx_cryp_aes.o
                                                  Libraries\STM32F4xx_StdPeriph_Driver\src\stm32f4xx_cryp_des.o
                                                  Libraries\STM32F4xx_StdPeriph_Driver\src\stm32f4xx_cryp_tdes.o
CRYP_DES_CBC                                      Libraries\STM32F4xx_StdPeriph_Driver\src\stm32f4xx_cryp_des.o
CRYP_DES_ECB                                      Libraries\STM32F4xx_StdPeriph_Driver\src\stm32f4xx_cryp_des.o
CRYP_DMACmd                                       Libraries\STM32F4xx_StdPeriph_Driver\src\stm32f4xx_cryp.o
CRYP_DataIn                                       Libraries\STM32F4xx_StdPeriph_Driver\src\stm32f4xx_cryp.o
                                                  Libraries\STM32F4xx_StdPeriph_Driver\src\stm32f4xx_cryp_aes.o
                                                  Libraries\STM32F4xx_StdPeriph_Driver\src\stm32f4xx_cryp_des.o
                                                  Libraries\STM32F4xx_StdPeriph_Driver\src\stm32f4xx_cryp_tdes.o
CRYP_DataOut                                      Libraries\STM32F4xx_StdPeriph_Driver\src\stm32f4xx_cryp.o
                                                  Libraries\STM32F4xx_StdPeriph_Driver\src\stm32f4xx_cryp_aes.o
                                                  Libraries\STM32F4xx_StdPeriph_Driver\src\stm32f4xx_cryp_des.o
                                                  Libraries\STM32F4xx_StdPeriph_Driver\src\stm32f4xx_cryp_tdes.o
CRYP_DeInit                                       Libraries\STM32F4xx_StdPeriph_Driver\src\stm32f4xx_cryp.o
CRYP_FIFOFlush                                    Libraries\STM32F4xx_StdPeriph_Driver\src\stm32f4xx_cryp.o
                                                  Libraries\STM32F4xx_StdPeriph_Driver\src\stm32f4xx_cryp_aes.o
                                                  Libraries\STM32F4xx_StdPeriph_Driver\src\stm32f4xx_cryp_des.o
                                                  Libraries\STM32F4xx_StdPeriph_Driver\src\stm32f4xx_cryp_tdes.o
CRYP_GetCmdStatus                                 Libraries\STM32F4xx_StdPeriph_Driver\src\stm32f4xx_cryp.o
                                                  Libraries\STM32F4xx_StdPeriph_Driver\src\stm32f4xx_cryp_aes.o
                                                  Libraries\STM32F4xx_StdPeriph_Driver\src\stm32f4xx_cryp_des.o
                                                  Libraries\STM32F4xx_StdPeriph_Driver\src\stm32f4xx_cryp_tdes.o
CRYP_GetFlagStatus                                Libraries\STM32F4xx_StdPeriph_Driver\src\stm32f4xx_cryp.o
                                                  Libraries\STM32F4xx_StdPeriph_Driver\src\stm32f4xx_cryp_aes.o
                                                  Libraries\STM32F4xx_StdPeriph_Driver\src\stm32f4xx_cryp_des.o
                                                  Libraries\STM32F4xx_StdPeriph_Driver\src\stm32f4xx_cryp_tdes.o
CRYP_GetITStatus                                  Libraries\STM32F4xx_StdPeriph_Driver\src\stm32f4xx_cryp.o
CRYP_IRQHandler                                   src\startup_stm32f40xx.o
CRYP_ITConfig                                     Libraries\STM32F4xx_StdPeriph_Driver\src\stm32f4xx_cryp.o
CRYP_IVInit                                       Libraries\STM32F4xx_StdPeriph_Driver\src\stm32f4xx_cryp.o
                                                  Libraries\STM32F4xx_StdPeriph_Driver\src\stm32f4xx_cryp_aes.o
                                                  Libraries\STM32F4xx_StdPeriph_Driver\src\stm32f4xx_cryp_des.o
                                                  Libraries\STM32F4xx_StdPeriph_Driver\src\stm32f4xx_cryp_tdes.o
CRYP_IVStructInit                                 Libraries\STM32F4xx_StdPeriph_Driver\src\stm32f4xx_cryp.o
CRYP_Init                                         Libraries\STM32F4xx_StdPeriph_Driver\src\stm32f4xx_cryp.o
                                                  Libraries\STM32F4xx_StdPeriph_Driver\src\stm32f4xx_cryp_aes.o
                                                  Libraries\STM32F4xx_StdPeriph_Driver\src\stm32f4xx_cryp_des.o
                                                  Libraries\STM32F4xx_StdPeriph_Driver\src\stm32f4xx_cryp_tdes.o
CRYP_KeyInit                                      Libraries\STM32F4xx_StdPeriph_Driver\src\stm32f4xx_cryp.o
                                                  Libraries\STM32F4xx_StdPeriph_Driver\src\stm32f4xx_cryp_aes.o
                                                  Libraries\STM32F4xx_StdPeriph_Driver\src\stm32f4xx_cryp_des.o
                                                  Libraries\STM32F4xx_StdPeriph_Driver\src\stm32f4xx_cryp_tdes.o
CRYP_KeyStructInit                                Libraries\STM32F4xx_StdPeriph_Driver\src\stm32f4xx_cryp.o
                                                  Libraries\STM32F4xx_StdPeriph_Driver\src\stm32f4xx_cryp_aes.o
                                                  Libraries\STM32F4xx_StdPeriph_Driver\src\stm32f4xx_cryp_des.o
                                                  Libraries\STM32F4xx_StdPeriph_Driver\src\stm32f4xx_cryp_tdes.o
CRYP_PhaseConfig                                  Libraries\STM32F4xx_StdPeriph_Driver\src\stm32f4xx_cryp.o
                                                  Libraries\STM32F4xx_StdPeriph_Driver\src\stm32f4xx_cryp_aes.o
CRYP_RestoreContext                               Libraries\STM32F4xx_StdPeriph_Driver\src\stm32f4xx_cryp.o
CRYP_SaveContext                                  Libraries\STM32F4xx_StdPeriph_Driver\src\stm32f4xx_cryp.o
CRYP_StructInit                                   Libraries\STM32F4xx_StdPeriph_Driver\src\stm32f4xx_cryp.o
CRYP_TDES_CBC                                     Libraries\STM32F4xx_StdPeriph_Driver\src\stm32f4xx_cryp_tdes.o
CRYP_TDES_ECB                                     Libraries\STM32F4xx_StdPeriph_Driver\src\stm32f4xx_cryp_tdes.o
CmdBuff                                           Libraries\usb_lib\cdc\usbd_cdc_core.o
Codec_TIMEOUT_UserCallback                        Utilities\STM32F4-Discovery\stm32f4_discovery_audio_codec.o
CurrAudioInterface                                Utilities\STM32F4-Discovery\stm32f4_discovery_audio_codec.o
CurrentPos                                        Utilities\STM32F4-Discovery\stm32f4_discovery_audio_codec.o
DAC_ClearFlag                                     Libraries\STM32F4xx_StdPeriph_Driver\src\stm32f4xx_dac.o
DAC_ClearITPendingBit                             Libraries\STM32F4xx_StdPeriph_Driver\src\stm32f4xx_dac.o
DAC_Cmd                                           Libraries\STM32F4xx_StdPeriph_Driver\src\stm32f4xx_dac.o
                                                  Utilities\STM32F4-Discovery\stm32f4_discovery_audio_codec.o
DAC_Config                                        Utilities\STM32F4-Discovery\stm32f4_discovery_audio_codec.o
DAC_DMACmd                                        Libraries\STM32F4xx_StdPeriph_Driver\src\stm32f4xx_dac.o
DAC_DeInit                                        Libraries\STM32F4xx_StdPeriph_Driver\src\stm32f4xx_dac.o
DAC_DualSoftwareTriggerCmd                        Libraries\STM32F4xx_StdPeriph_Driver\src\stm32f4xx_dac.o
DAC_GetDataOutputValue                            Libraries\STM32F4xx_StdPeriph_Driver\src\stm32f4xx_dac.o
DAC_GetFlagStatus                                 Libraries\STM32F4xx_StdPeriph_Driver\src\stm32f4xx_dac.o
DAC_GetITStatus                                   Libraries\STM32F4xx_StdPeriph_Driver\src\stm32f4xx_dac.o
DAC_ITConfig                                      Libraries\STM32F4xx_StdPeriph_Driver\src\stm32f4xx_dac.o
DAC_Init                                          Libraries\STM32F4xx_StdPeriph_Driver\src\stm32f4xx_dac.o
                                                  Utilities\STM32F4-Discovery\stm32f4_discovery_audio_codec.o
DAC_SetChannel1Data                               Libraries\STM32F4xx_StdPeriph_Driver\src\stm32f4xx_dac.o
                                                  Utilities\STM32F4-Discovery\stm32f4_discovery_audio_codec.o
DAC_SetChannel2Data                               Libraries\STM32F4xx_StdPeriph_Driver\src\stm32f4xx_dac.o
DAC_SetDualChannelData                            Libraries\STM32F4xx_StdPeriph_Driver\src\stm32f4xx_dac.o
DAC_SoftwareTriggerCmd                            Libraries\STM32F4xx_StdPeriph_Driver\src\stm32f4xx_dac.o
DAC_StructInit                                    Libraries\STM32F4xx_StdPeriph_Driver\src\stm32f4xx_dac.o
DAC_WaveGenerationCmd                             Libraries\STM32F4xx_StdPeriph_Driver\src\stm32f4xx_dac.o
DBGMCU_APB1PeriphConfig                           Libraries\STM32F4xx_StdPeriph_Driver\src\stm32f4xx_dbgmcu.o
DBGMCU_APB2PeriphConfig                           Libraries\STM32F4xx_StdPeriph_Driver\src\stm32f4xx_dbgmcu.o
DBGMCU_Config                                     Libraries\STM32F4xx_StdPeriph_Driver\src\stm32f4xx_dbgmcu.o
DBGMCU_GetDEVID                                   Libraries\STM32F4xx_StdPeriph_Driver\src\stm32f4xx_dbgmcu.o
DBGMCU_GetREVID                                   Libraries\STM32F4xx_StdPeriph_Driver\src\stm32f4xx_dbgmcu.o
DCD_DevConnect                                    Libraries\usb_lib\otg\usb_dcd.o
DCD_DevDisconnect                                 Libraries\usb_lib\otg\usb_dcd.o
DCD_EP_Close                                      Libraries\usb_lib\otg\usb_dcd.o
                                                  Libraries\usb_lib\cdc\usbd_cdc_core.o
DCD_EP_ClrStall                                   Libraries\usb_lib\otg\usb_dcd.o
                                                  Libraries\usb_lib\core\usbd_req.o
DCD_EP_Flush                                      Libraries\usb_lib\otg\usb_dcd.o
DCD_EP_Open                                       Libraries\usb_lib\otg\usb_dcd.o
                                                  Libraries\usb_lib\cdc\usbd_cdc_core.o
                                                  Libraries\usb_lib\core\usbd_core.o
DCD_EP_PrepareRx                                  Libraries\usb_lib\otg\usb_dcd.o
                                                  Libraries\usb_lib\cdc\usbd_cdc_core.o
                                                  Libraries\usb_lib\core\usbd_ioreq.o
DCD_EP_SetAddress                                 Libraries\usb_lib\otg\usb_dcd.o
                                                  Libraries\usb_lib\core\usbd_req.o
DCD_EP_Stall                                      Libraries\usb_lib\otg\usb_dcd.o
                                                  Libraries\usb_lib\core\usbd_core.o
                                                  Libraries\usb_lib\core\usbd_req.o
DCD_EP_Tx                                         Libraries\usb_lib\otg\usb_dcd.o
                                                  Libraries\usb_lib\cdc\usbd_cdc_core.o
                                                  Libraries\usb_lib\core\usbd_ioreq.o
DCD_GetEPStatus                                   Libraries\usb_lib\otg\usb_dcd.o
DCD_Init                                          Libraries\usb_lib\otg\usb_dcd.o
                                                  Libraries\usb_lib\core\usbd_core.o
DCD_SetEPStatus                                   Libraries\usb_lib\otg\usb_dcd.o
DCMI_CROPCmd                                      Libraries\STM32F4xx_StdPeriph_Driver\src\stm32f4xx_dcmi.o
DCMI_CROPConfig                                   Libraries\STM32F4xx_StdPeriph_Driver\src\stm32f4xx_dcmi.o
DCMI_CaptureCmd                                   Libraries\STM32F4xx_StdPeriph_Driver\src\stm32f4xx_dcmi.o
DCMI_ClearFlag                                    Libraries\STM32F4xx_StdPeriph_Driver\src\stm32f4xx_dcmi.o
DCMI_ClearITPendingBit                            Libraries\STM32F4xx_StdPeriph_Driver\src\stm32f4xx_dcmi.o
DCMI_Cmd                                          Libraries\STM32F4xx_StdPeriph_Driver\src\stm32f4xx_dcmi.o
DCMI_DeInit                                       Libraries\STM32F4xx_StdPeriph_Driver\src\stm32f4xx_dcmi.o
DCMI_GetFlagStatus                                Libraries\STM32F4xx_StdPeriph_Driver\src\stm32f4xx_dcmi.o
DCMI_GetITStatus                                  Libraries\STM32F4xx_StdPeriph_Driver\src\stm32f4xx_dcmi.o
DCMI_IRQHandler                                   src\startup_stm32f40xx.o
DCMI_ITConfig                                     Libraries\STM32F4xx_StdPeriph_Driver\src\stm32f4xx_dcmi.o
DCMI_Init                                         Libraries\STM32F4xx_StdPeriph_Driver\src\stm32f4xx_dcmi.o
DCMI_JPEGCmd                                      Libraries\STM32F4xx_StdPeriph_Driver\src\stm32f4xx_dcmi.o
DCMI_ReadData                                     Libraries\STM32F4xx_StdPeriph_Driver\src\stm32f4xx_dcmi.o
DCMI_SetEmbeddedSynchroCodes                      Libraries\STM32F4xx_StdPeriph_Driver\src\stm32f4xx_dcmi.o
DCMI_StructInit                                   Libraries\STM32F4xx_StdPeriph_Driver\src\stm32f4xx_dcmi.o
DMA1_Stream0_IRQHandler                           Utilities\STM32F4-Discovery\stm32f4_discovery_audio_codec.o
                                                  src\startup_stm32f40xx.o
DMA1_Stream1_IRQHandler                           src\startup_stm32f40xx.o
DMA1_Stream2_IRQHandler                           src\startup_stm32f40xx.o
DMA1_Stream3_IRQHandler                           src\startup_stm32f40xx.o
DMA1_Stream4_IRQHandler                           src\startup_stm32f40xx.o
DMA1_Stream5_IRQHandler                           src\startup_stm32f40xx.o
DMA1_Stream6_IRQHandler                           src\startup_stm32f40xx.o
DMA1_Stream7_IRQHandler                           Utilities\STM32F4-Discovery\stm32f4_discovery_audio_codec.o
                                                  src\startup_stm32f40xx.o
DMA2_Stream0_IRQHandler                           src\startup_stm32f40xx.o
DMA2_Stream1_IRQHandler                           src\startup_stm32f40xx.o
DMA2_Stream2_IRQHandler                           src\startup_stm32f40xx.o
DMA2_Stream3_IRQHandler                           src\startup_stm32f40xx.o
DMA2_Stream4_IRQHandler                           src\startup_stm32f40xx.o
DMA2_Stream5_IRQHandler                           src\startup_stm32f40xx.o
DMA2_Stream6_IRQHandler                           src\startup_stm32f40xx.o
DMA2_Stream7_IRQHandler                           src\startup_stm32f40xx.o
DMA_ClearFlag                                     Libraries\STM32F4xx_StdPeriph_Driver\src\stm32f4xx_dma.o
                                                  Utilities\STM32F4-Discovery\stm32f4_discovery_audio_codec.o
DMA_ClearITPendingBit                             Libraries\STM32F4xx_StdPeriph_Driver\src\stm32f4xx_dma.o
DMA_Cmd                                           Libraries\STM32F4xx_StdPeriph_Driver\src\stm32f4xx_dma.o
                                                  Utilities\STM32F4-Discovery\stm32f4_discovery_audio_codec.o
DMA_DeInit                                        Libraries\STM32F4xx_StdPeriph_Driver\src\stm32f4xx_dma.o
                                                  Utilities\STM32F4-Discovery\stm32f4_discovery_audio_codec.o
DMA_DoubleBufferModeCmd                           Libraries\STM32F4xx_StdPeriph_Driver\src\stm32f4xx_dma.o
DMA_DoubleBufferModeConfig                        Libraries\STM32F4xx_StdPeriph_Driver\src\stm32f4xx_dma.o
DMA_FlowControllerConfig                          Libraries\STM32F4xx_StdPeriph_Driver\src\stm32f4xx_dma.o
DMA_GetCmdStatus                                  Libraries\STM32F4xx_StdPeriph_Driver\src\stm32f4xx_dma.o
                                                  Utilities\STM32F4-Discovery\stm32f4_discovery_audio_codec.o
DMA_GetCurrDataCounter                            Libraries\STM32F4xx_StdPeriph_Driver\src\stm32f4xx_dma.o
DMA_GetCurrentMemoryTarget                        Libraries\STM32F4xx_StdPeriph_Driver\src\stm32f4xx_dma.o
DMA_GetFIFOStatus                                 Libraries\STM32F4xx_StdPeriph_Driver\src\stm32f4xx_dma.o
DMA_GetFlagStatus                                 Libraries\STM32F4xx_StdPeriph_Driver\src\stm32f4xx_dma.o
                                                  Utilities\STM32F4-Discovery\stm32f4_discovery_audio_codec.o
DMA_GetITStatus                                   Libraries\STM32F4xx_StdPeriph_Driver\src\stm32f4xx_dma.o
DMA_ITConfig                                      Libraries\STM32F4xx_StdPeriph_Driver\src\stm32f4xx_dma.o
                                                  Utilities\STM32F4-Discovery\stm32f4_discovery_audio_codec.o
DMA_Init                                          Libraries\STM32F4xx_StdPeriph_Driver\src\stm32f4xx_dma.o
                                                  Utilities\STM32F4-Discovery\stm32f4_discovery_audio_codec.o
DMA_InitStructure                                 Utilities\STM32F4-Discovery\stm32f4_discovery_audio_codec.o
DMA_MemoryTargetConfig                            Libraries\STM32F4xx_StdPeriph_Driver\src\stm32f4xx_dma.o
DMA_PeriphIncOffsetSizeConfig                     Libraries\STM32F4xx_StdPeriph_Driver\src\stm32f4xx_dma.o
DMA_SetCurrDataCounter                            Libraries\STM32F4xx_StdPeriph_Driver\src\stm32f4xx_dma.o
DMA_StructInit                                    Libraries\STM32F4xx_StdPeriph_Driver\src\stm32f4xx_dma.o
DebugMon_Handler                                  src\stm32f4xx_it.o
Default_Handler                                   src\startup_stm32f40xx.o
Delay(unsigned long)                              src\main.o
ETH_IRQHandler                                    src\startup_stm32f40xx.o
ETH_WKUP_IRQHandler                               src\startup_stm32f40xx.o
EVAL_AUDIO_DeInit                                 Utilities\STM32F4-Discovery\stm32f4_discovery_audio_codec.o
EVAL_AUDIO_GetSampleCallBack                      src\main.o
                                                  Utilities\STM32F4-Discovery\stm32f4_discovery_audio_codec.o
EVAL_AUDIO_Init                                   Utilities\STM32F4-Discovery\stm32f4_discovery_audio_codec.o
EVAL_AUDIO_Mute                                   Utilities\STM32F4-Discovery\stm32f4_discovery_audio_codec.o
EVAL_AUDIO_PauseResume                            Utilities\STM32F4-Discovery\stm32f4_discovery_audio_codec.o
EVAL_AUDIO_Play                                   Utilities\STM32F4-Discovery\stm32f4_discovery_audio_codec.o
EVAL_AUDIO_SetAudioInterface                      Utilities\STM32F4-Discovery\stm32f4_discovery_audio_codec.o
EVAL_AUDIO_Stop                                   Utilities\STM32F4-Discovery\stm32f4_discovery_audio_codec.o
EVAL_AUDIO_TransferComplete_CallBack              src\main.o
                                                  Utilities\STM32F4-Discovery\stm32f4_discovery_audio_codec.o
EVAL_AUDIO_VolumeCtl                              Utilities\STM32F4-Discovery\stm32f4_discovery_audio_codec.o
EVAL_COM_IRQHandler                               Libraries\usb_lib\cdc\usbd_cdc_vcp.o
EXTI0_IRQHandler                                  src\startup_stm32f40xx.o
EXTI15_10_IRQHandler                              src\startup_stm32f40xx.o
EXTI1_IRQHandler                                  src\startup_stm32f40xx.o
EXTI2_IRQHandler                                  src\startup_stm32f40xx.o
EXTI3_IRQHandler                                  src\startup_stm32f40xx.o
EXTI4_IRQHandler                                  src\startup_stm32f40xx.o
EXTI9_5_IRQHandler                                src\startup_stm32f40xx.o
EXTI_ClearFlag                                    Libraries\STM32F4xx_StdPeriph_Driver\src\stm32f4xx_exti.o
EXTI_ClearITPendingBit                            Libraries\STM32F4xx_StdPeriph_Driver\src\stm32f4xx_exti.o
                                                  Libraries\usb_conf\usb_bsp.o